Component: ARM Compiler 5.06 update 7 (build 960) Tool: armlink [4d3601]

==============================================================================

Section Cross References

    startup_stm32f750xx.o(RESET) refers to startup_stm32f750xx.o(STACK) for __initial_sp
    startup_stm32f750xx.o(RESET) refers to startup_stm32f750xx.o(.text) for Reset_Handler
    startup_stm32f750xx.o(RESET) refers to stm32f7xx_it.o(i.NMI_Handler) for NMI_Handler
    startup_stm32f750xx.o(RESET) refers to stm32f7xx_it.o(i.HardFault_Handler) for HardFault_Handler
    startup_stm32f750xx.o(RESET) refers to stm32f7xx_it.o(i.MemManage_Handler) for MemManage_Handler
    startup_stm32f750xx.o(RESET) refers to stm32f7xx_it.o(i.BusFault_Handler) for BusFault_Handler
    startup_stm32f750xx.o(RESET) refers to stm32f7xx_it.o(i.UsageFault_Handler) for UsageFault_Handler
    startup_stm32f750xx.o(RESET) refers to port.o(.emb_text) for SVC_Handler
    startup_stm32f750xx.o(RESET) refers to stm32f7xx_it.o(i.DebugMon_Handler) for DebugMon_Handler
    startup_stm32f750xx.o(RESET) refers to port.o(i.SysTick_Handler) for SysTick_Handler
    startup_stm32f750xx.o(RESET) refers to stm32f7xx_it.o(i.DMA1_Stream2_IRQHandler) for DMA1_Stream2_IRQHandler
    startup_stm32f750xx.o(RESET) refers to stm32f7xx_it.o(i.DMA1_Stream5_IRQHandler) for DMA1_Stream5_IRQHandler
    startup_stm32f750xx.o(RESET) refers to stm32f7xx_it.o(i.TIM1_UP_TIM10_IRQHandler) for TIM1_UP_TIM10_IRQHandler
    startup_stm32f750xx.o(RESET) refers to stm32f7xx_it.o(i.TIM2_IRQHandler) for TIM2_IRQHandler
    startup_stm32f750xx.o(RESET) refers to stm32f7xx_it.o(i.TIM3_IRQHandler) for TIM3_IRQHandler
    startup_stm32f750xx.o(RESET) refers to usmart.o(i.TIM4_IRQHandler) for TIM4_IRQHandler
    startup_stm32f750xx.o(RESET) refers to uart.o(i.USART1_IRQHandler) for USART1_IRQHandler
    startup_stm32f750xx.o(RESET) refers to qr.o(i.USART2_IRQHandler) for USART2_IRQHandler
    startup_stm32f750xx.o(RESET) refers to stm32f7xx_it.o(i.USART3_IRQHandler) for USART3_IRQHandler
    startup_stm32f750xx.o(RESET) refers to stm32f7xx_it.o(i.TIM8_TRG_COM_TIM14_IRQHandler) for TIM8_TRG_COM_TIM14_IRQHandler
    startup_stm32f750xx.o(RESET) refers to sin_generate.o(i.TIM5_IRQHandler) for TIM5_IRQHandler
    startup_stm32f750xx.o(RESET) refers to imu_task.o(i.UART4_IRQHandler) for UART4_IRQHandler
    startup_stm32f750xx.o(RESET) refers to delay.o(i.TIM7_IRQHandler) for TIM7_IRQHandler
    startup_stm32f750xx.o(RESET) refers to openmv.o(i.USART6_IRQHandler) for USART6_IRQHandler
    startup_stm32f750xx.o(RESET) refers to openmv.o(i.UART7_IRQHandler) for UART7_IRQHandler
    startup_stm32f750xx.o(.text) refers to system_stm32f7xx.o(i.SystemInit) for SystemInit
    startup_stm32f750xx.o(.text) refers to entry.o(.ARM.Collect$$$$00000000) for __main
    main.o(i.HAL_TIM_PeriodElapsedCallback) refers to stm32f7xx_hal.o(i.HAL_IncTick) for HAL_IncTick
    main.o(i.SystemClock_Config) refers to memseta.o(.text) for __aeabi_memclr4
    main.o(i.SystemClock_Config) refers to stm32f7xx_hal_rcc.o(i.HAL_RCC_OscConfig) for HAL_RCC_OscConfig
    main.o(i.SystemClock_Config) refers to main.o(i.Error_Handler) for Error_Handler
    main.o(i.SystemClock_Config) refers to stm32f7xx_hal_pwr_ex.o(i.HAL_PWREx_EnableOverDrive) for HAL_PWREx_EnableOverDrive
    main.o(i.SystemClock_Config) refers to stm32f7xx_hal_rcc.o(i.HAL_RCC_ClockConfig) for HAL_RCC_ClockConfig
    main.o(i.SystemClock_Config) refers to stm32f7xx_hal_rcc_ex.o(i.HAL_RCCEx_PeriphCLKConfig) for HAL_RCCEx_PeriphCLKConfig
    main.o(i.main) refers to stm32f7xx_hal.o(i.HAL_Init) for HAL_Init
    main.o(i.main) refers to main.o(i.SystemClock_Config) for SystemClock_Config
    main.o(i.main) refers to gpio.o(i.MX_GPIO_Init) for MX_GPIO_Init
    main.o(i.main) refers to tim.o(i.MX_TIM1_Init) for MX_TIM1_Init
    main.o(i.main) refers to tim.o(i.MX_TIM2_Init) for MX_TIM2_Init
    main.o(i.main) refers to tim.o(i.MX_TIM3_Init) for MX_TIM3_Init
    main.o(i.main) refers to dma.o(i.MX_DMA_Init) for MX_DMA_Init
    main.o(i.main) refers to usart.o(i.MX_UART4_Init) for MX_UART4_Init
    main.o(i.main) refers to usart.o(i.MX_USART2_UART_Init) for MX_USART2_UART_Init
    main.o(i.main) refers to usart.o(i.MX_USART3_UART_Init) for MX_USART3_UART_Init
    main.o(i.main) refers to sin_generate.o(i.Timer5_Init) for Timer5_Init
    main.o(i.main) refers to delay.o(i.delay_init) for delay_init
    main.o(i.main) refers to map.o(i.mapInit) for mapInit
    main.o(i.main) refers to temporary_task.o(i.user_init) for user_init
    main.o(i.main) refers to stm32f7xx_hal_tim.o(i.HAL_TIM_PWM_Start_IT) for HAL_TIM_PWM_Start_IT
    main.o(i.main) refers to task_create.o(i.Start_task_create) for Start_task_create
    main.o(i.main) refers to freertos.o(i.MX_FREERTOS_Init) for MX_FREERTOS_Init
    main.o(i.main) refers to cmsis_os.o(i.osKernelStart) for osKernelStart
    main.o(i.main) refers to tim.o(.bss) for htim2
[...]
    EXTI9_5_IRQHandler                       0x080002bf   Thumb Code     0  startup_stm32f750xx.o(.text)
    FLASH_IRQHandler                         0x080002bf   Thumb Code     0  startup_stm32f750xx.o(.text)
    FMC_IRQHandler                           0x080002bf   Thumb Code     0  startup_stm32f750xx.o(.text)
    FPU_IRQHandler                           0x080002bf   Thumb Code     0  startup_stm32f750xx.o(.text)
    HASH_RNG_IRQHandler                      0x080002bf   Thumb Code     0  startup_stm32f750xx.o(.text)
    I2C1_ER_IRQHandler                       0x080002bf   Thumb Code     0  startup_stm32f750xx.o(.text)
    I2C1_EV_IRQHandler                       0x080002bf   Thumb Code     0  startup_stm32f750xx.o(.text)
    I2C2_ER_IRQHandler                       0x080002bf   Thumb Code     0  startup_stm32f750xx.o(.text)
    I2C2_EV_IRQHandler                       0x080002bf   Thumb Code     0  startup_stm32f750xx.o(.text)
    I2C3_ER_IRQHandler                       0x080002bf   Thumb Code     0  startup_stm32f750xx.o(.text)
    I2C3_EV_IRQHandler                       0x080002bf   Thumb Code     0  startup_stm32f750xx.o(.text)
    I2C4_ER_IRQHandler                       0x080002bf   Thumb Code     0  startup_stm32f750xx.o(.text)
    I2C4_EV_IRQHandler                       0x080002bf   Thumb Code     0  startup_stm32f750xx.o(.text)
    LPTIM1_IRQHandler                        0x080002bf   Thumb Code     0  startup_stm32f750xx.o(.text)
    LTDC_ER_IRQHandler                       0x080002bf   Thumb Code     0  startup_stm32f750xx.o(.text)
    LTDC_IRQHandler                          0x080002bf   Thumb Code     0  startup_stm32f750xx.o(.text)
    OTG_FS_IRQHandler                        0x080002bf   Thumb Code     0  startup_stm32f750xx.o(.text)
    OTG_FS_WKUP_IRQHandler                   0x080002bf   Thumb Code     0  startup_stm32f750xx.o(.text)
    OTG_HS_EP1_IN_IRQHandler                 0x080002bf   Thumb Code     0  startup_stm32f750xx.o(.text)
    OTG_HS_EP1_OUT_IRQHandler                0x080002bf   Thumb Code     0  startup_stm32f750xx.o(.text)
    OTG_HS_IRQHandler                        0x080002bf   Thumb Code     0  startup_stm32f750xx.o(.text)
    OTG_HS_WKUP_IRQHandler                   0x080002bf   Thumb Code     0  startup_stm32f750xx.o(.text)
    PVD_IRQHandler                           0x080002bf   Thumb Code     0  startup_stm32f750xx.o(.text)
    QUADSPI_IRQHandler                       0x080002bf   Thumb Code     0  startup_stm32f750xx.o(.text)
    RCC_IRQHandler                           0x080002bf   Thumb Code     0  startup_stm32f750xx.o(.text)
    RTC_Alarm_IRQHandler                     0x080002bf   Thumb Code     0  startup_stm32f750xx.o(.text)
    RTC_WKUP_IRQHandler                      0x080002bf   Thumb Code     0  startup_stm32f750xx.o(.text)
    SAI1_IRQHandler                          0x080002bf   Thumb Code     0  startup_stm32f750xx.o(.text)
    SAI2_IRQHandler                          0x080002bf   Thumb Code     0  startup_stm32f750xx.o(.text)
    SDMMC1_IRQHandler                        0x080002bf   Thumb Code     0  startup_stm32f750xx.o(.text)
    SPDIF_RX_IRQHandler                      0x080002bf   Thumb Code     0  startup_stm32f750xx.o(.text)
    SPI1_IRQHandler                          0x080002bf   Thumb Code     0  startup_stm32f750xx.o(.text)
    SPI2_IRQHandler                          0x080002bf   Thumb Code     0  startup_stm32f750xx.o(.text)
    SPI3_IRQHandler                          0x080002bf   Thumb Code     0  startup_stm32f750xx.o(.text)
    SPI4_IRQHandler                          0x080002bf   Thumb Code     0  startup_stm32f750xx.o(.text)
    SPI5_IRQHandler                          0x080002bf   Thumb Code     0  startup_stm32f750xx.o(.text)
    SPI6_IRQHandler                          0x080002bf   Thumb Code     0  startup_stm32f750xx.o(.text)
    TAMP_STAMP_IRQHandler                    0x080002bf   Thumb Code     0  startup_stm32f750xx.o(.text)
    TIM1_BRK_TIM9_IRQHandler                 0x080002bf   Thumb Code     0  startup_stm32f750xx.o(.text)
    TIM1_CC_IRQHandler                       0x080002bf   Thumb Code     0  startup_stm32f750xx.o(.text)
    TIM1_TRG_COM_TIM11_IRQHandler            0x080002bf   Thumb Code     0  startup_stm32f750xx.o(.text)
    TIM6_DAC_IRQHandler                      0x080002bf   Thumb Code     0  startup_stm32f750xx.o(.text)
    TIM8_BRK_TIM12_IRQHandler                0x080002bf   Thumb Code     0  startup_stm32f750xx.o(.text)
    TIM8_CC_IRQHandler                       0x080002bf   Thumb Code     0  startup_stm32f750xx.o(.text)
    TIM8_UP_TIM13_IRQHandler                 0x080002bf   Thumb Code     0  startup_stm32f750xx.o(.text)
    UART5_IRQHandler                         0x080002bf   Thumb Code     0  startup_stm32f750xx.o(.text)
    UART8_IRQHandler                         0x080002bf   Thumb Code     0  startup_stm32f750xx.o(.text)
    WWDG_IRQHandler                          0x080002bf   Thumb Code     0  startup_stm32f750xx.o(.text)
    __aeabi_uldivmod                         0x080002c9   Thumb Code    98  uldiv.o(.text)
    ___aeabi_memcpy8$move                    0x0800032b   Thumb Code     0  memmovea.o(.text)
    __aeabi_memcpy                           0x0800032b   Thumb Code    64  memmovea.o(.text)
    __aeabi_memcpy4                          0x0800032b   Thumb Code     0  memmovea.o(.text)
    __aeabi_memmove                          0x0800032b   Thumb Code     0  memmovea.o(.text)
    __aeabi_memmove4                         0x0800032b   Thumb Code     0  memmovea.o(.text)
    __aeabi_memmove8                         0x0800032b   Thumb Code     0  memmovea.o(.text)
    __aeabi_memset                           0x0800036b   Thumb Code    14  memseta.o(.text)
    __aeabi_memset4                          0x0800036b   Thumb Code     0  memseta.o(.text)
    __aeabi_memset8                          0x0800036b   Thumb Code     0  memseta.o(.text)
    __aeabi_memclr                           0x08000379   Thumb Code     4  memseta.o(.text)
    __aeabi_memclr4                          0x08000379   Thumb Code     0  memseta.o(.text)
    __aeabi_memclr8                          0x08000379   Thumb Code     0  memseta.o(.text)
    memset                                   0x0800037d   Thumb Code    18  memseta.o(.text)
    __aeabi_dmul                             0x0800038f   Thumb Code   228  dmul.o(.text)
    __aeabi_ddiv                             0x08000473   Thumb Code   222  ddiv.o(.text)
    __aeabi_i2d                              0x08000551   Thumb Code    34  dflti.o(.text)
    __aeabi_f2d                              0x08000573   Thumb Code    38  f2d.o(.text)
    __aeabi_cdcmpeq                          0x08000599   Thumb Code     0  cdcmple.o(.text)
    __aeabi_cdcmple                          0x08000599   Thumb Code    48  cdcmple.o(.text)
    __aeabi_d2f                              0x080005c9   Thumb Code    56  d2f.o(.text)
    __aeabi_llsl                             0x08000601   Thumb Code    30  llshl.o(.text)
    _ll_shift_l                              0x08000601   Thumb Code     0  llshl.o(.text)
    __aeabi_llsr                             0x0800061f   Thumb Code    32  llushr.o(.text)
    _ll_ushift_r                             0x0800061f   Thumb Code     0  llushr.o(.text)
    __I$use$fp                               0x0800063f   Thumb Code     0  iusefp.o(.text)
    _float_round                             0x0800063f   Thumb Code    18  fepilogue.o(.text)
    _float_epilogue                          0x08000651   Thumb Code    92  fepilogue.o(.text)
    _double_round                            0x080006ad   Thumb Code    30  depilogue.o(.text)
    _double_epilogue                         0x080006cb   Thumb Code   156  depilogue.o(.text)
    __scatterload                            0x08000769   Thumb Code    28  init.o(.text)
    __scatterload_rt2                        0x08000769   Thumb Code     0  init.o(.text)
    __decompress                             0x0800078d   Thumb Code     0  __dclz77c.o(.text)
    __decompress2                            0x0800078d   Thumb Code    94  __dclz77c.o(.text)
    BreakTrea                                0x080007ed   Thumb Code   190  barrier.o(i.BreakTrea)
    BusFault_Handler                         0x080008cd   Thumb Code     2  stm32f7xx_it.o(i.BusFault_Handler)
    CarBrake                                 0x080008d1   Thumb Code    24  speed_ctrl.o(i.CarBrake)
    Change_ScanMode                          0x080008f1   Thumb Code    20  barrier.o(i.Change_ScanMode)
    CreatGraph                               0x08000909   Thumb Code   154  dijkstra.o(i.CreatGraph)
    Cross                                    0x080009b1   Thumb Code  2390  map.o(i.Cross)
    DMA1_Stream2_IRQHandler                  0x0800131d   Thumb Code     6  stm32f7xx_it.o(i.DMA1_Stream2_IRQHandler)
    DMA1_Stream5_IRQHandler                  0x08001329   Thumb Code     6  stm32f7xx_it.o(i.DMA1_Stream5_IRQHandler)
    DebugMon_Handler                         0x08001403   Thumb Code     2  stm32f7xx_it.o(i.DebugMon_Handler)
    Encoder_init                             0x08001405   Thumb Code   842  encoder.o(i.Encoder_init)
    Error_Handler                            0x08001765   Thumb Code     4  main.o(i.Error_Handler)
    Find_Min_Dis                             0x08001769   Thumb Code    88  barrier.o(i.Find_Min_Dis)
    Go_Line                                  0x080017d1   Thumb Code   108  scaner.o(i.Go_Line)
    HAL_DMA_Abort                            0x08001861   Thumb Code   142  stm32f7xx_hal_dma.o(i.HAL_DMA_Abort)
    HAL_DMA_Abort_IT                         0x080018ef   Thumb Code    36  stm32f7xx_hal_dma.o(i.HAL_DMA_Abort_IT)
    HAL_DMA_GetError                         0x08001913   Thumb Code     4  stm32f7xx_hal_dma.o(i.HAL_DMA_GetError)
    HAL_DMA_IRQHandler                       0x08001919   Thumb Code   460  stm32f7xx_hal_dma.o(i.HAL_DMA_IRQHandler)
    HAL_DMA_Init                             0x08001ae9   Thumb Code   208  stm32f7xx_hal_dma.o(i.HAL_DMA_Init)
    HAL_DMA_Start_IT                         0x08001bbd   Thumb Code   120  stm32f7xx_hal_dma.o(i.HAL_DMA_Start_IT)
    HAL_GPIO_Init                            0x08001c35   Thumb Code   440  stm32f7xx_hal_gpio.o(i.HAL_GPIO_Init)
    HAL_GPIO_ReadPin                         0x08001e21   Thumb Code    14  stm32f7xx_hal_gpio.o(i.HAL_GPIO_ReadPin)
    HAL_GPIO_TogglePin                       0x08001e2f   Thumb Code    16  stm32f7xx_hal_gpio.o(i.HAL_GPIO_TogglePin)
    HAL_GPIO_WritePin                        0x08001e3f   Thumb Code    14  stm32f7xx_hal_gpio.o(i.HAL_GPIO_WritePin)
    HAL_GetTick                              0x08001e4d   Thumb Code     6  stm32f7xx_hal.o(i.HAL_GetTick)
    HAL_IncTick                              0x08001e59   Thumb Code    12  stm32f7xx_hal.o(i.HAL_IncTick)
    HAL_Init                                 0x08001e69   Thumb Code    22  stm32f7xx_hal.o(i.HAL_Init)
    HAL_InitTick                             0x08001e81   Thumb Code   100  stm32f7xx_hal_timebase_tim.o(i.HAL_InitTick)
    HAL_MspInit                              0x08001ef5   Thumb Code    52  stm32f7xx_hal_msp.o(i.HAL_MspInit)
    HAL_NVIC_EnableIRQ                       0x08001f2d   Thumb Code    26  stm32f7xx_hal_cortex.o(i.HAL_NVIC_EnableIRQ)
    HAL_NVIC_SetPriority                     0x08001f49   Thumb Code    60  stm32f7xx_hal_cortex.o(i.HAL_NVIC_SetPriority)
    HAL_NVIC_SetPriorityGrouping             0x08001f89   Thumb Code    26  stm32f7xx_hal_cortex.o(i.HAL_NVIC_SetPriorityGrouping)
    HAL_PWREx_EnableOverDrive                0x08001fad   Thumb Code   102  stm32f7xx_hal_pwr_ex.o(i.HAL_PWREx_EnableOverDrive)
    HAL_RCCEx_PeriphCLKConfig                0x0800201d   Thumb Code  1254  stm32f7xx_hal_rcc_ex.o(i.HAL_RCCEx_PeriphCLKConfig)
    HAL_RCC_ClockConfig                      0x08002505   Thumb Code   322  stm32f7xx_hal_rcc.o(i.HAL_RCC_ClockConfig)
    HAL_RCC_GetClockConfig                   0x0800265d   Thumb Code    52  stm32f7xx_hal_rcc.o(i.HAL_RCC_GetClockConfig)
    HAL_RCC_GetHCLKFreq                      0x08002699   Thumb Code     6  stm32f7xx_hal_rcc.o(i.HAL_RCC_GetHCLKFreq)
    HAL_RCC_GetPCLK1Freq                     0x080026a5   Thumb Code    22  stm32f7xx_hal_rcc.o(i.HAL_RCC_GetPCLK1Freq)
    HAL_RCC_GetPCLK2Freq                     0x080026c5   Thumb Code    22  stm32f7xx_hal_rcc.o(i.HAL_RCC_GetPCLK2Freq)
    HAL_RCC_GetSysClockFreq                  0x080026e5   Thumb Code    94  stm32f7xx_hal_rcc.o(i.HAL_RCC_GetSysClockFreq)
    HAL_RCC_OscConfig                        0x0800274d   Thumb Code  1048  stm32f7xx_hal_rcc.o(i.HAL_RCC_OscConfig)
    HAL_TIMEx_Break2Callback                 0x08002b6d   Thumb Code     2  stm32f7xx_hal_tim_ex.o(i.HAL_TIMEx_Break2Callback)
    HAL_TIMEx_BreakCallback                  0x08002b6f   Thumb Code     2  stm32f7xx_hal_tim_ex.o(i.HAL_TIMEx_BreakCallback)
    HAL_TIMEx_CommutCallback                 0x08002b71   Thumb Code     2  stm32f7xx_hal_tim_ex.o(i.HAL_TIMEx_CommutCallback)
    HAL_TIMEx_ConfigBreakDeadTime            0x08002b75   Thumb Code   132  stm32f7xx_hal_tim_ex.o(i.HAL_TIMEx_ConfigBreakDeadTime)
    HAL_TIMEx_MasterConfigSynchronization    0x08002c01   Thumb Code   132  stm32f7xx_hal_tim_ex.o(i.HAL_TIMEx_MasterConfigSynchronization)
    HAL_TIM_Base_Init                        0x08002ca1   Thumb Code    78  stm32f7xx_hal_tim.o(i.HAL_TIM_Base_Init)
    HAL_TIM_Base_MspInit                     0x08002cf1   Thumb Code   224  tim.o(i.HAL_TIM_Base_MspInit)
    HAL_TIM_Base_Start                       0x08002de5   Thumb Code   106  stm32f7xx_hal_tim.o(i.HAL_TIM_Base_Start)
    HAL_TIM_Base_Start_IT                    0x08002e71   Thumb Code   116  stm32f7xx_hal_tim.o(i.HAL_TIM_Base_Start_IT)
    HAL_TIM_ConfigClockSource                0x08002f05   Thumb Code   232  stm32f7xx_hal_tim.o(i.HAL_TIM_ConfigClockSource)
    HAL_TIM_IC_CaptureCallback               0x08002ff1   Thumb Code  2386  encoder.o(i.HAL_TIM_IC_CaptureCallback)
    HAL_TIM_IC_ConfigChannel                 0x08003951   Thumb Code   192  stm32f7xx_hal_tim.o(i.HAL_TIM_IC_ConfigChannel)
    HAL_TIM_IC_Init                          0x08003a11   Thumb Code    78  stm32f7xx_hal_tim.o(i.HAL_TIM_IC_Init)
    HAL_TIM_IC_MspInit                       0x08003a5f   Thumb Code     2  stm32f7xx_hal_tim.o(i.HAL_TIM_IC_MspInit)
    HAL_TIM_IC_Start_IT                      0x08003a61   Thumb Code   358  stm32f7xx_hal_tim.o(i.HAL_TIM_IC_Start_IT)
    HAL_TIM_IC_Stop_IT                       0x08003be9   Thumb Code   206  stm32f7xx_hal_tim.o(i.HAL_TIM_IC_Stop_IT)
    HAL_TIM_IRQHandler                       0x08003cb7   Thumb Code   396  stm32f7xx_hal_tim.o(i.HAL_TIM_IRQHandler)
    HAL_TIM_MspPostInit                      0x08003e45   Thumb Code   116  tim.o(i.HAL_TIM_MspPostInit)
    HAL_TIM_OC_DelayElapsedCallback          0x08003ec9   Thumb Code     2  stm32f7xx_hal_tim.o(i.HAL_TIM_OC_DelayElapsedCallback)
    HAL_TIM_PWM_ConfigChannel                0x08003ecb   Thumb Code   310  stm32f7xx_hal_tim.o(i.HAL_TIM_PWM_ConfigChannel)
    HAL_TIM_PWM_Init                         0x08004001   Thumb Code    78  stm32f7xx_hal_tim.o(i.HAL_TIM_PWM_Init)
    HAL_TIM_PWM_MspInit                      0x0800404f   Thumb Code     2  stm32f7xx_hal_tim.o(i.HAL_TIM_PWM_MspInit)
    HAL_TIM_PWM_PulseFinishedCallback        0x08004051   Thumb Code     2  stm32f7xx_hal_tim.o(i.HAL_TIM_PWM_PulseFinishedCallback)
    HAL_TIM_PWM_Start                        0x08004055   Thumb Code   236  stm32f7xx_hal_tim.o(i.HAL_TIM_PWM_Start)
    HAL_TIM_PWM_Start_IT                     0x08004161   Thumb Code   304  stm32f7xx_hal_tim.o(i.HAL_TIM_PWM_Start_IT)
    HAL_TIM_PeriodElapsedCallback            0x080042b1   Thumb Code    14  main.o(i.HAL_TIM_PeriodElapsedCallback)
    HAL_TIM_TriggerCallback                  0x080042c5   Thumb Code     2  stm32f7xx_hal_tim.o(i.HAL_TIM_TriggerCallback)
    HAL_UARTEx_RxEventCallback               0x080042c7   Thumb Code     2  stm32f7xx_hal_uart.o(i.HAL_UARTEx_RxEventCallback)
    HAL_UART_DMAStop                         0x080042c9   Thumb Code   150  stm32f7xx_hal_uart.o(i.HAL_UART_DMAStop)
    HAL_UART_ErrorCallback                   0x0800435f   Thumb Code     2  stm32f7xx_hal_uart.o(i.HAL_UART_ErrorCallback)
    HAL_UART_GetState                        0x08004361   Thumb Code    10  stm32f7xx_hal_uart.o(i.HAL_UART_GetState)
    HAL_UART_IRQHandler                      0x0800436d   Thumb Code   642  stm32f7xx_hal_uart.o(i.HAL_UART_IRQHandler)
    HAL_UART_Init                            0x080045f9   Thumb Code   108  stm32f7xx_hal_uart.o(i.HAL_UART_Init)
    HAL_UART_MspInit                         0x08004665   Thumb Code   640  usart.o(i.HAL_UART_MspInit)
    HAL_UART_Receive_DMA                     0x0800491d   Thumb Code    76  stm32f7xx_hal_uart.o(i.HAL_UART_Receive_DMA)
    HAL_UART_Receive_IT                      0x08004969   Thumb Code    76  stm32f7xx_hal_uart.o(i.HAL_UART_Receive_IT)
    HAL_UART_RxCpltCallback                  0x080049b5   Thumb Code    80  uart.o(i.HAL_UART_RxCpltCallback)
    HAL_UART_RxHalfCpltCallback              0x08004a11   Thumb Code     2  stm32f7xx_hal_uart.o(i.HAL_UART_RxHalfCpltCallback)
    HAL_UART_TxCpltCallback                  0x08004a13   Thumb Code     2  stm32f7xx_hal_uart.o(i.HAL_UART_TxCpltCallback)
    HardFault_Handler                        0x08004a15   Thumb Code     2  stm32f7xx_it.o(i.HardFault_Handler)
    IIC_Ack                                  0x08004a19   Thumb Code    70  iic.o(i.IIC_Ack)
    IIC_Init                                 0x08004a65   Thumb Code    74  iic.o(i.IIC_Init)
    IIC_NAck                                 0x08004ab9   Thumb Code    70  iic.o(i.IIC_NAck)
    IIC_Read_Byte                            0x08004b05   Thumb Code   106  iic.o(i.IIC_Read_Byte)
    IIC_Send_Byte                            0x08004b75   Thumb Code   114  iic.o(i.IIC_Send_Byte)
    IIC_Start                                0x08004bed   Thumb Code    70  iic.o(i.IIC_Start)
    IIC_Stop                                 0x08004c39   Thumb Code    72  iic.o(i.IIC_Stop)
    IIC_Wait_Ack                             0x08004c85   Thumb Code    96  iic.o(i.IIC_Wait_Ack)
    Line_Scan                                0x08004ce9   Thumb Code   190  scaner.o(i.Line_Scan)
    Long_Trea                                0x08004db5   Thumb Code    36  barrier.o(i.Long_Trea)
    MX_DMA_Init                              0x08004ddd   Thumb Code    56  dma.o(i.MX_DMA_Init)
    MX_FREERTOS_Init                         0x08004e19   Thumb Code     2  freertos.o(i.MX_FREERTOS_Init)
    MX_GPIO_Init                             0x08004e1d   Thumb Code   440  gpio.o(i.MX_GPIO_Init)
    MX_TIM1_Init                             0x08004fed   Thumb Code   254  tim.o(i.MX_TIM1_Init)
    MX_TIM2_Init                             0x080050f5   Thumb Code   194  tim.o(i.MX_TIM2_Init)
    MX_TIM3_Init                             0x080051bd   Thumb Code   192  tim.o(i.MX_TIM3_Init)
    MX_UART4_Init                            0x08005285   Thumb Code    52  usart.o(i.MX_UART4_Init)
    MX_USART2_UART_Init                      0x080052c1   Thumb Code    52  usart.o(i.MX_USART2_UART_Init)
    MX_USART3_UART_Init                      0x080052fd   Thumb Code    52  usart.o(i.MX_USART3_UART_Init)
    MemManage_Handler                        0x08005339   Thumb Code     2  stm32f7xx_it.o(i.MemManage_Handler)
    NMI_Handler                              0x0800533b   Thumb Code     2  stm32f7xx_it.o(i.NMI_Handler)
    PLATFORM                                 0x0800533d   Thumb Code    96  barrier.o(i.PLATFORM)
    QR_receive_init                          0x080053a9   Thumb Code    22  qr.o(i.QR_receive_init)
    Route_Set                                0x080053c9   Thumb Code  1496  barrier.o(i.Route_Set)
    Route_YesSet                             0x080059b5   Thumb Code  1482  barrier.o(i.Route_YesSet)
    Rudder_Init                              0x08005f95   Thumb Code   118  rudder_control.o(i.Rudder_Init)
    Rudder_ReadOneByte                       0x08006015   Thumb Code    58  rudder_control.o(i.Rudder_ReadOneByte)
    Rudder_WriteOneByte                      0x0800604f   Thumb Code    54  rudder_control.o(i.Rudder_WriteOneByte)
    Rudder_control                           0x08006085   Thumb Code    66  rudder_control.o(i.Rudder_control)
    SDA                                      0x080060c9   Thumb Code    88  iic.o(i.SDA)
    SYM_Set_RoadLength                       0x08006129   Thumb Code    76  barrier.o(i.SYM_Set_RoadLength)
    Send_Byte                                0x08006185   Thumb Code   104  eeprom.o(i.Send_Byte)
    Set_RoadLength                           0x080061ed   Thumb Code    90  barrier.o(i.Set_RoadLength)
    Small_Turn_Angle                         0x0800625d   Thumb Code   176  turn.o(i.Small_Turn_Angle)
    Start_task                               0x08006329   Thumb Code    30  temporary_task.o(i.Start_task)
    Start_task_create                        0x0800634d   Thumb Code    24  task_create.o(i.Start_task_create)
    SymPoint                                 0x08006379   Thumb Code     8  barrier.o(i.SymPoint)
    SysTick_Handler                          0x08006381   Thumb Code    42  port.o(i.SysTick_Handler)
    SystemClock_Config                       0x080063b1   Thumb Code   186  main.o(i.SystemClock_Config)
    SystemInit                               0x08006475   Thumb Code    12  system_stm32f7xx.o(i.SystemInit)
    TIM1_UP_TIM10_IRQHandler                 0x08006485   Thumb Code     6  stm32f7xx_it.o(i.TIM1_UP_TIM10_IRQHandler)
    TIM2_IRQHandler                          0x08006491   Thumb Code     6  stm32f7xx_it.o(i.TIM2_IRQHandler)
    TIM3_IRQHandler                          0x0800649d   Thumb Code     6  stm32f7xx_it.o(i.TIM3_IRQHandler)
    TIM4_IRQHandler                          0x080064a9   Thumb Code    44  usmart.o(i.TIM4_IRQHandler)
    TIM5_IRQHandler                          0x080064dd   Thumb Code    28  sin_generate.o(i.TIM5_IRQHandler)
    TIM7_IRQHandler                          0x08006501   Thumb Code    92  delay.o(i.TIM7_IRQHandler)
    TIM8_TRG_COM_TIM14_IRQHandler            0x08006571   Thumb Code     6  stm32f7xx_it.o(i.TIM8_TRG_COM_TIM14_IRQHandler)
    TIM_Base_SetConfig                       0x0800657d   Thumb Code   160  stm32f7xx_hal_tim.o(i.TIM_Base_SetConfig)
    TIM_CCxChannelCmd                        0x08006649   Thumb Code    26  stm32f7xx_hal_tim.o(i.TIM_CCxChannelCmd)
    TIM_ETR_SetConfig                        0x08006663   Thumb Code    20  stm32f7xx_hal_tim.o(i.TIM_ETR_SetConfig)
    TIM_OC2_SetConfig                        0x080066f5   Thumb Code   106  stm32f7xx_hal_tim.o(i.TIM_OC2_SetConfig)
    TIM_TI1_SetConfig                        0x08006901   Thumb Code   100  stm32f7xx_hal_tim.o(i.TIM_TI1_SetConfig)
    TREASURE                                 0x08006a45   Thumb Code  1588  barrier.o(i.TREASURE)
    Timer4_Init                              0x08007099   Thumb Code    68  usmart.o(i.Timer4_Init)
    Timer5_Init                              0x080070e9   Thumb Code    72  sin_generate.o(i.Timer5_Init)
    Turn_Angle                               0x0800713d   Thumb Code   176  turn.o(i.Turn_Angle)
    UART4_IRQHandler                         0x08007209   Thumb Code   136  imu_task.o(i.UART4_IRQHandler)
    UART7_IRQHandler                         0x080072b1   Thumb Code    82  openmv.o(i.UART7_IRQHandler)
    UART_AdvFeatureConfig                    0x0800730d   Thumb Code   200  stm32f7xx_hal_uart.o(i.UART_AdvFeatureConfig)
    UART_CheckIdleState                      0x080073d5   Thumb Code    64  stm32f7xx_hal_uart.o(i.UART_CheckIdleState)
    UART_SetConfig                           0x080076cd   Thumb Code   648  stm32f7xx_hal_uart.o(i.UART_SetConfig)
    UART_Start_Receive_DMA                   0x08007981   Thumb Code   152  stm32f7xx_hal_uart.o(i.UART_Start_Receive_DMA)
    UART_Start_Receive_IT                    0x08007a25   Thumb Code   194  stm32f7xx_hal_uart.o(i.UART_Start_Receive_IT)
    UART_WaitOnFlagUntilTimeout              0x08007af1   Thumb Code   190  stm32f7xx_hal_uart.o(i.UART_WaitOnFlagUntilTimeout)
    USART1_IRQHandler                        0x08007bb1   Thumb Code    56  uart.o(i.USART1_IRQHandler)
    USART2_IRQHandler                        0x08007bf5   Thumb Code   136  qr.o(i.USART2_IRQHandler)
    USART3_IRQHandler                        0x08007c8d   Thumb Code     6  stm32f7xx_it.o(i.USART3_IRQHandler)
    USART6_IRQHandler                        0x08007c99   Thumb Code    24  openmv.o(i.USART6_IRQHandler)
    UsageFault_Handler                       0x08007cb9   Thumb Code     2  stm32f7xx_it.o(i.UsageFault_Handler)
    __0printf$8                              0x08007cbd   Thumb Code    22  printf8.o(i.__0printf$8)
    __1printf$8                              0x08007cbd   Thumb Code     0  printf8.o(i.__0printf$8)
    __2printf                                0x08007cbd   Thumb Code     0  printf8.o(i.__0printf$8)
    __hardfp_fabs                            0x08007cfd   Thumb Code    20  fabs.o(i.__hardfp_fabs)
    __scatterload_copy                       0x08007d11   Thumb Code    14  handlers.o(i.__scatterload_copy)
    __scatterload_null                       0x08007d1f   Thumb Code     2  handlers.o(i.__scatterload_null)
    __scatterload_zeroinit                   0x08007d21   Thumb Code    14  handlers.o(i.__scatterload_zeroinit)
    buzzer_off                               0x08008189   Thumb Code    24  bsp_buzzer.o(i.buzzer_off)
    buzzer_on                                0x080081a5   Thumb Code    22  bsp_buzzer.o(i.buzzer_on)
    chage_target                             0x080081c1   Thumb Code     6  pid.o(i.chage_target)
    close_mv                                 0x080081cd   Thumb Code    16  openmv.o(i.close_mv)
    close_mvR                                0x080081e5   Thumb Code    16  openmv.o(i.close_mvR)
    deal_arrive                              0x080081fd   Thumb Code   210  map.o(i.deal_arrive)
    delay_init                               0x080082dd   Thumb Code    76  delay.o(i.delay_init)
    delay_ms                                 0x08008335   Thumb Code    28  delay.o(i.delay_ms)
    delay_us                                 0x08008351   Thumb Code    14  delay.o(i.delay_us)
    dijk                                     0x08008365   Thumb Code   350  dijkstra.o(i.dijk)
    encoder_clear                            0x080084c5   Thumb Code   118  encoder.o(i.encoder_clear)
    fputc                                    0x08008549   Thumb Code    14  uart.o(i.fputc)
    getAngleZ                                0x0800855d   Thumb Code    50  turn.o(i.getAngleZ)
    getNextConnectNode                       0x080085a1   Thumb Code    42  map.o(i.getNextConnectNode)
    get_detail                               0x080085d9   Thumb Code   286  scaner.o(i.get_detail)
    get_motor_speed                          0x0800870d   Thumb Code   286  motor_task.o(i.get_motor_speed)
    getline_error                            0x08008851   Thumb Code    30  scaner.o(i.getline_error)
    gradual_cal                              0x08008879   Thumb Code   100  speed_ctrl.o(i.gradual_cal)
    imu_receive_init                         0x080088dd   Thumb Code    22  imu_task.o(i.imu_receive_init)
    main                                     0x080088fd   Thumb Code   102  main.o(i.main)
    main_task                                0x08008969   Thumb Code    46  main_task.o(i.main_task)
    main_task_create                         0x0800899d   Thumb Code    26  task_create.o(i.main_task_create)
    mapInit                                  0x080089cd   Thumb Code    58  map.o(i.mapInit)
    map_function                             0x08008a15   Thumb Code    26  map.o(i.map_function)
    motor_init                               0x08008a31   Thumb Code    86  motor.o(i.motor_init)
    motor_pid_clear                          0x08008a91   Thumb Code    86  pid.o(i.motor_pid_clear)
    motor_set_pwm                            0x08008aed   Thumb Code   112  motor.o(i.motor_set_pwm)
    motor_task                               0x08008b61   Thumb Code   762  motor_task.o(i.motor_task)
    motor_task_create                        0x08008ead   Thumb Code    26  motor_task.o(i.motor_task_create)
    mpuZreset                                0x08008edd   Thumb Code    14  turn.o(i.mpuZreset)
    mvR_init                                 0x08008ef1   Thumb Code    48  openmv.o(i.mvR_init)
    mv_init                                  0x08008f29   Thumb Code    48  openmv.o(i.mv_init)
    need2turn                                0x08008f61   Thumb Code    40  turn.o(i.need2turn)
    open_mv                                  0x08008f95   Thumb Code    26  openmv.o(i.open_mv)
    open_mvR                                 0x08008fb9   Thumb Code    28  openmv.o(i.open_mvR)
    osKernelStart                            0x08008fdd   Thumb Code    10  cmsis_os.o(i.osKernelStart)
    pid_init                                 0x08008fe9   Thumb Code   206  pid.o(i.pid_init)
    pid_mode_switch                          0x080090f1   Thumb Code   434  motor_task.o(i.pid_mode_switch)
    positional_PID                           0x080092c1   Thumb Code   174  pid.o(i.positional_PID)
    pvPortMalloc                             0x080096f9   Thumb Code   220  heap_4.o(i.pvPortMalloc)
    pxPortInitialiseStack                    0x080097d9   Thumb Code    30  port.o(i.pxPortInitialiseStack)
    read_addr                                0x080097fd   Thumb Code     4  usmart.o(i.read_addr)
    runWithAngle                             0x08009801   Thumb Code   130  turn.o(i.runWithAngle)
    speed_pid_kd                             0x08009899   Thumb Code    34  pid.o(i.speed_pid_kd)
    speed_pid_ki                             0x080098c9   Thumb Code    34  pid.o(i.speed_pid_ki)
    speed_pid_kp                             0x080098f9   Thumb Code    34  pid.o(i.speed_pid_kp)
    uart_init                                0x08009929   Thumb Code    44  uart.o(i.uart_init)
    user_init                                0x08009961   Thumb Code   120  temporary_task.o(i.user_init)
    usmart_cmd_rec                           0x080099e1   Thumb Code   142  usmart.o(i.usmart_cmd_rec)
    usmart_exe                               0x08009a75   Thumb Code   536  usmart.o(i.usmart_exe)
    usmart_get_aparm                         0x08009ced   Thumb Code   164  usmart_str.o(i.usmart_get_aparm)
    usmart_get_cmdname                       0x08009d91   Thumb Code    46  usmart_str.o(i.usmart_get_cmdname)
    usmart_get_fname                         0x08009dc1   Thumb Code   364  usmart_str.o(i.usmart_get_fname)
    usmart_get_fparam                        0x08009f35   Thumb Code   220  usmart_str.o(i.usmart_get_fparam)
    usmart_get_parmpos                       0x0800a015   Thumb Code    30  usmart_str.o(i.usmart_get_parmpos)
    usmart_get_runtime                       0x0800a039   Thumb Code    40  usmart.o(i.usmart_get_runtime)
    usmart_init                              0x0800a069   Thumb Code    36  usmart.o(i.usmart_init)
    usmart_pid                               0x0800a091   Thumb Code     2  pid.o(i.usmart_pid)
    usmart_pow                               0x0800a093   Thumb Code    16  usmart_str.o(i.usmart_pow)
    usmart_reset_runtime                     0x0800a0a5   Thumb Code    32  usmart.o(i.usmart_reset_runtime)
    usmart_scan                              0x0800a0cd   Thumb Code   106  usmart.o(i.usmart_scan)
    usmart_search_nextc                      0x0800a17d   Thumb Code    20  usmart_str.o(i.usmart_search_nextc)
    usmart_str2num                           0x0800a191   Thumb Code   220  usmart_str.o(i.usmart_str2num)
    usmart_strcmp                            0x0800a26d   Thumb Code    26  usmart_str.o(i.usmart_strcmp)
    usmart_strcopy                           0x0800a287   Thumb Code    18  usmart_str.o(i.usmart_strcopy)
    usmart_strlen                            0x0800a299   Thumb Code    18  usmart_str.o(i.usmart_strlen)
    usmart_sys_cmd_exe                       0x0800a2ad   Thumb Code  1490  usmart.o(i.usmart_sys_cmd_exe)
    uxListRemove                             0x0800a94d   Thumb Code    38  list.o(i.uxListRemove)
    vApplicationGetIdleTaskMemory            0x0800a975   Thumb Code    16  freertos.o(i.vApplicationGetIdleTaskMemory)
    vListInitialise                          0x0800a989   Thumb Code    22  list.o(i.vListInitialise)
    vListInitialiseItem                      0x0800a99f   Thumb Code     6  list.o(i.vListInitialiseItem)
    vListInsert                              0x0800a9a5   Thumb Code    48  list.o(i.vListInsert)
    vListInsertEnd                           0x0800a9d5   Thumb Code    24  list.o(i.vListInsertEnd)
    vPortEnterCritical                       0x0800a9ed   Thumb Code    62  port.o(i.vPortEnterCritical)
    vPortExitCritical                        0x0800aa35   Thumb Code    42  port.o(i.vPortExitCritical)
    vPortFree                                0x0800aa65   Thumb Code    96  heap_4.o(i.vPortFree)
    vPortSetupTimerInterrupt                 0x0800aac9   Thumb Code    32  port.o(i.vPortSetupTimerInterrupt)
    vTaskDelay                               0x0800aaed   Thumb Code    74  tasks.o(i.vTaskDelay)
    vTaskDelayUntil                          0x0800ab41   Thumb Code   154  tasks.o(i.vTaskDelayUntil)
    vTaskDelete                              0x0800abe5   Thumb Code   162  tasks.o(i.vTaskDelete)
    vTaskStartScheduler                      0x0800ac95   Thumb Code   126  tasks.o(i.vTaskStartScheduler)
    vTaskSuspendAll                          0x0800ad25   Thumb Code    10  tasks.o(i.vTaskSuspendAll)
    vTaskSwitchContext                       0x0800ad35   Thumb Code    90  tasks.o(i.vTaskSwitchContext)
    write_addr                               0x0800ad99   Thumb Code     4  usmart.o(i.write_addr)
    xPortStartScheduler                      0x0800ad9d   Thumb Code   176  port.o(i.xPortStartScheduler)
    xTaskCreate                              0x0800ae5d   Thumb Code   100  tasks.o(i.xTaskCreate)
    xTaskCreateStatic                        0x0800aec1   Thumb Code   100  tasks.o(i.xTaskCreateStatic)
    xTaskGetTickCount                        0x0800af25   Thumb Code     6  tasks.o(i.xTaskGetTickCount)
    xTaskIncrementTick                       0x0800af31   Thumb Code   200  tasks.o(i.xTaskIncrementTick)
    xTaskResumeAll                           0x0800b001   Thumb Code   196  tasks.o(i.xTaskResumeAll)
    zhunbei                                  0x0800b0d1   Thumb Code    24  barrier.o(i.zhunbei)
    AHBPrescTable                            0x0800b0f8   Data          16  system_stm32f7xx.o(.constdata)
    APBPrescTable                            0x0800b108   Data           8  system_stm32f7xx.o(.constdata)
    line_weight                              0x0800b148   Data          32  scaner.o(.constdata)
    Region$$Table$$Base                      0x0800b2b0   Number         0  anon$$obj.o(Region$$Table)
    Region$$Table$$Limit                     0x0800b2d0   Number         0  anon$$obj.o(Region$$Table)
    uwTickFreq                               0x20000000   Data           1  stm32f7xx_hal.o(.data)
    uwTickPrio                               0x20000004   Data           4  stm32f7xx_hal.o(.data)
    uwTick                                   0x20000008   Data           4  stm32f7xx_hal.o(.data)
    SystemCoreClock                          0x2000000c   Data           4  system_stm32f7xx.o(.data)
    pxCurrentTCB                             0x20000010   Data           4  tasks.o(.data)
    capture_Cnt                              0x20000070   Data           4  encoder.o(.data)
    level_before                             0x20000074   Data           4  encoder.o(.data)
    level_latter                             0x20000078   Data           4  encoder.o(.data)
    frist_flag                               0x2000007c   Data           4  encoder.o(.data)
    temp_i                                   0x20000080   Data           4  encoder.o(.data)
    dog                                      0x20000084   Data           4  encoder.o(.data)
    line_gyro_switch                         0x20000088   Data           1  motor_task.o(.data)
    PIDMode                                  0x2000008b   Data           1  motor_task.o(.data)
    motor_handler                            0x2000008c   Data           4  motor_task.o(.data)
    dirct                                    0x20000090   Data          16  motor_task.o(.data)
    Start_handler                            0x200000a4   Data           4  task_create.o(.data)
    main_handler                             0x200000a8   Data           4  task_create.o(.data)
    imu_rx_len                               0x200000ac   Data           1  imu_task.o(.data)
    color                                    0x200000b0   Data           1  openmv.o(.data)
    QR_rx_len                                0x200000b1   Data           1  qr.o(.data)
    TreaPoint                                0x200000b2   Data           8  qr.o(.data)
    sin1                                     0x200000bc   Data          16  sin_generate.o(.data)
    aRxBuffer                                0x200000cc   Data           1  uart.o(.data)
    USART_RX_STA                             0x200000ce   Data           2  uart.o(.data)
    __stdout                                 0x200000d0   Data           4  uart.o(.data)
    sys_cmd_tab                              0x200000d4   Data          28  usmart.o(.data)
    usmart_nametab                           0x200000f0   Data          64  usmart_config.o(.data)
    usmart_dev                               0x20000130   Data         244  usmart_config.o(.data)
    j                                        0x20000224   Data           1  barrier.o(.data)
    Be_Detected_Flag                         0x20000225   Data           1  barrier.o(.data)
    Reset_Length                             0x20000226   Data           1  barrier.o(.data)
    Start_Color                              0x20000228   Data           1  barrier.o(.data)
    Area_Trea                                0x20000229   Data           8  barrier.o(.data)
    map                                      0x20000234   Data           4  map.o(.data)
    Node                                     0x20000238   Data        4920  map_message.o(.data)
    ConnectionNum                            0x20001570   Data          97  map_message.o(.data)
    Address                                  0x200015d1   Data          97  map_message.o(.data)
    motor_all                                0x20001634   Data          56  speed_ctrl.o(.data)
    ScanMode                                 0x2000166c   Data           1  scaner.o(.data)
    scaner_set                               0x20001670   Data           8  scaner.o(.data)
    data_head                                0x20001678   Data           4  scaner.o(.data)
    data_tail                                0x2000167c   Data           4  scaner.o(.data)
    angle                                    0x20001680   Data           8  turn.o(.data)
    htim1                                    0x200018dc   Data          76  tim.o(.bss)
    htim2                                    0x20001928   Data          76  tim.o(.bss)
    htim3                                    0x20001974   Data          76  tim.o(.bss)
    huart4                                   0x200019c0   Data         132  usart.o(.bss)
    huart7                                   0x20001a44   Data         132  usart.o(.bss)
    huart1                                   0x20001ac8   Data         132  usart.o(.bss)
    huart2                                   0x20001b4c   Data         132  usart.o(.bss)
    huart3                                   0x20001bd0   Data         132  usart.o(.bss)
    huart6                                   0x20001c54   Data         132  usart.o(.bss)
    hdma_uart4_rx                            0x20001cd8   Data          96  usart.o(.bss)
    hdma_usart2_rx                           0x20001d38   Data          96  usart.o(.bss)
    htim14                                   0x20001d98   Data          76  stm32f7xx_hal_timebase_tim.o(.bss)
    capture_Buf_before                       0x20010ed4   Data          16  encoder.o(.bss)
    capture_Buf_latter                       0x20010ee4   Data          16  encoder.o(.bss)
    high_time                                0x20010ef4   Data          16  encoder.o(.bss)
    real_time                                0x20010f04   Data          16  encoder.o(.bss)
    direction                                0x20010f14   Data          16  encoder.o(.bss)
    pulse_num                                0x20010f24   Data          16  encoder.o(.bss)
    pulse_out                                0x20010f34   Data          16  encoder.o(.bss)
    temp_time                                0x20010f44   Data         128  encoder.o(.bss)
    wheel_1                                  0x20010fc4   Data          92  encoder.o(.bss)
    wheel_2                                  0x20011020   Data          92  encoder.o(.bss)
    wheel_3                                  0x2001107c   Data          92  encoder.o(.bss)
    wheel_4                                  0x200110d8   Data          92  encoder.o(.bss)
    TIM7_Handler                             0x20011134   Data          76  delay.o(.bss)
    imu_rx_buf                               0x20011180   Data          22  imu_task.o(.bss)
    imu                                      0x20011198   Data          20  imu_task.o(.bss)
    gyro                                     0x200111ac   Data         132  imu_task.o(.bss)
    mv                                       0x20011230   Data         132  openmv.o(.bss)
    mv_R                                     0x200112b4   Data         132  openmv.o(.bss)
    QR_rx_buf                                0x20011338   Data          10  qr.o(.bss)
    QR                                       0x20011344   Data         132  qr.o(.bss)
    motor_L0                                 0x200113c8   Data          24  pid.o(.bss)
    motor_L1                                 0x200113e0   Data          24  pid.o(.bss)
    motor_R0                                 0x200113f8   Data          24  pid.o(.bss)
    motor_R1                                 0x20011410   Data          24  pid.o(.bss)
    motor_pid_paramR1                        0x20011428   Data          28  pid.o(.bss)
    line_pid_param                           0x20011444   Data          28  pid.o(.bss)
    gyroT_pid_param                          0x20011460   Data          28  pid.o(.bss)
    gyroG_pid_param                          0x2001147c   Data          28  pid.o(.bss)
    small_gyroT_pid_param                    0x20011498   Data          28  pid.o(.bss)
    GyroP_pid_param                          0x200114b4   Data          28  pid.o(.bss)
    line_pid_obj                             0x200114d0   Data          28  pid.o(.bss)
    gyroT_pid                                0x200114ec   Data          28  pid.o(.bss)
    gyroG_pid                                0x20011508   Data          28  pid.o(.bss)
    small_gyroT_pid                          0x20011524   Data          28  pid.o(.bss)
    TIM5_Handler                             0x20011540   Data          76  sin_generate.o(.bss)
    PhEleTechnology                          0x2001158c   Data       40040  dijkstra.o(.bss)
    PhEleTechnology_Test                     0x2001b1f4   Data       40040  dijkstra.o(.bss)
    USART_RX_BUF                             0x20024e5c   Data         200  uart.o(.bss)
    UART1_Handler                            0x20024f24   Data         132  uart.o(.bss)
    TIM4_Handler                             0x20024fa8   Data          76  usmart.o(.bss)
    route                                    0x20024ff4   Data        3200  map.o(.bss)
    nodesr                                   0x20025c74   Data          76  map.o(.bss)
    TC_speed                                 0x20025cc0   Data          12  speed_ctrl.o(.bss)
    TG_speed                                 0x20025ccc   Data          12  speed_ctrl.o(.bss)
    Scaner                                   0x20025cd8   Data          12  scaner.o(.bss)
    __initial_sp                             0x200260e8   Data           0  startup_stm32f750xx.o(STACK)



==============================================================================

Memory Map of the image

  Image Entry point : 0x080001c9

  Load Region LR_IROM1 (Base: 0x08000000, Size: 0x0000c958, Max: 0x00010000, ABSOLUTE, COMPRESSED[0x0000b7fc])

    Execution Region ER_IROM1 (Exec base: 0x08000000, Load base: 0x08000000, Size: 0x0000b2d0, Max: 0x00010000, ABSOLUTE)

    Exec Addr    Load Addr    Size         Type   Attr      Idx    E Section Name        Object

    0x08000000   0x08000000   0x000001c8   Data   RO            3    RESET               startup_stm32f750xx.o
    0x080001c8   0x080001c8   0x00000000   Code   RO         8049  * .ARM.Collect$$$$00000000  mc_w.l(entry.o)
    0x080001c8   0x080001c8   0x00000004   Code   RO         8367    .ARM.Collect$$$$00000001  mc_w.l(entry2.o)
    0x080001cc   0x080001cc   0x00000004   Code   RO         8370    .ARM.Collect$$$$00000004  mc_w.l(entry5.o)
    0x080001d0   0x080001d0   0x00000000   Code   RO         8372    .ARM.Collect$$$$00000008  mc_w.l(entry7b.o)
    0x080001d0   0x080001d0   0x00000000   Code   RO         8374    .ARM.Collect$$$$0000000A  mc_w.l(entry8b.o)
    0x080001d0   0x080001d0   0x00000008   Code   RO         8375    .ARM.Collect$$$$0000000B  mc_w.l(entry9a.o)
    0x080001d8   0x080001d8   0x00000004   Code   RO         8382    .ARM.Collect$$$$0000000E  mc_w.l(entry12b.o)
    0x080001dc   0x080001dc   0x00000000   Code   RO         8377    .ARM.Collect$$$$0000000F  mc_w.l(entry10a.o)
    0x080001dc   0x080001dc   0x00000000   Code   RO         8379    .ARM.Collect$$$$00000011  mc_w.l(entry11a.o)
    0x080001dc   0x080001dc   0x00000004   Code   RO         8368    .ARM.Collect$$$$00002712  mc_w.l(entry2.o)
    0x080001e0   0x080001e0   0x000000c2   Code   RO         5344    .emb_text           port.o
    0x080002a2   0x080002a2   0x00000002   PAD
    0x080002a4   0x080002a4   0x00000024   Code   RO            4    .text               startup_stm32f750xx.o
    0x080002c8   0x080002c8   0x00000062   Code   RO         8052    .text               mc_w.l(uldiv.o)
    0x0800032a   0x0800032a   0x00000040   Code   RO         8056    .text               mc_w.l(memmovea.o)
    0x0800036a   0x0800036a   0x00000024   Code   RO         8060    .text               mc_w.l(memseta.o)
    0x0800038e   0x0800038e   0x000000e4   Code   RO         8327    .text               mf_w.l(dmul.o)
    0x08000472   0x08000472   0x000000de   Code   RO         8329    .text               mf_w.l(ddiv.o)
    0x08000550   0x08000550   0x00000022   Code   RO         8331    .text               mf_w.l(dflti.o)
    0x08000572   0x08000572   0x00000026   Code   RO         8333    .text               mf_w.l(f2d.o)
    0x08000598   0x08000598   0x00000030   Code   RO         8335    .text               mf_w.l(cdcmple.o)
    0x080005c8   0x080005c8   0x00000038   Code   RO         8337    .text               mf_w.l(d2f.o)
    0x08000600   0x08000600   0x0000001e   Code   RO         8385    .text               mc_w.l(llshl.o)
    0x0800061e   0x0800061e   0x00000020   Code   RO         8387    .text               mc_w.l(llushr.o)
    0x0800063e   0x0800063e   0x00000000   Code   RO         8396    .text               mc_w.l(iusefp.o)
    0x0800063e   0x0800063e   0x0000006e   Code   RO         8397    .text               mf_w.l(fepilogue.o)
    0x080006ac   0x080006ac   0x000000ba   Code   RO         8399    .text               mf_w.l(depilogue.o)
    0x08000766   0x08000766   0x00000002   PAD
    0x08000768   0x08000768   0x00000024   Code   RO         8413    .text               mc_w.l(init.o)
    0x0800078c   0x0800078c   0x0000005e   Code   RO         8429    .text               mc_w.l(__dclz77c.o)
    0x080007ea   0x080007ea   0x00000002   PAD
    0x080007ec   0x080007ec   0x000000e0   Code   RO         7302    i.BreakTrea         barrier.o
    0x080008cc   0x080008cc   0x00000002   Code   RO          739    i.BusFault_Handler  stm32f7xx_it.o
    0x080008ce   0x080008ce   0x00000002   PAD
    0x080008d0   0x080008d0   0x00000020   Code   RO         7851    i.CarBrake          speed_ctrl.o
    0x080008f0   0x080008f0   0x00000018   Code   RO         7303    i.Change_ScanMode   barrier.o
    0x08000908   0x08000908   0x000000a8   Code   RO         6973    i.CreatGraph        dijkstra.o
    0x080009b0   0x080009b0   0x0000096c   Code   RO         7469    i.Cross             map.o
    0x0800131c   0x0800131c   0x0000000c   Code   RO          740    i.DMA1_Stream2_IRQHandler  stm32f7xx_it.o
    0x08001328   0x08001328   0x0000000c   Code   RO          741    i.DMA1_Stream5_IRQHandler  stm32f7xx_it.o
    0x08001334   0x08001334   0x0000002c   Code   RO         1492    i.DMA_CalcBaseAndBitshift  stm32f7xx_hal_dma.o
    0x08001360   0x08001360   0x00000078   Code   RO         1493    i.DMA_CheckFifoParam  stm32f7xx_hal_dma.o
    0x080013d8   0x080013d8   0x0000002a   Code   RO         1494    i.DMA_SetConfig     stm32f7xx_hal_dma.o
    0x08001402   0x08001402   0x00000002   Code   RO          742    i.DebugMon_Handler  stm32f7xx_it.o
    0x08001404   0x08001404   0x00000360   Code   RO         5424    i.Encoder_init      encoder.o
    0x08001764   0x08001764   0x00000004   Code   RO           13    i.Error_Handler     main.o
    0x08001768   0x08001768   0x00000068   Code   RO         7306    i.Find_Min_Dis      barrier.o
    0x080017d0   0x080017d0   0x00000090   Code   RO         7904    i.Go_Line           scaner.o
    0x08001860   0x08001860   0x0000008e   Code   RO         1495    i.HAL_DMA_Abort     stm32f7xx_hal_dma.o
    0x080018ee   0x080018ee   0x00000024   Code   RO         1496    i.HAL_DMA_Abort_IT  stm32f7xx_hal_dma.o
    0x08001912   0x08001912   0x00000004   Code   RO         1498    i.HAL_DMA_GetError  stm32f7xx_hal_dma.o
    0x08001916   0x08001916   0x00000002   PAD
    0x08001918   0x08001918   0x000001d0   Code   RO         1500    i.HAL_DMA_IRQHandler  stm32f7xx_hal_dma.o
    0x08001ae8   0x08001ae8   0x000000d4   Code   RO         1501    i.HAL_DMA_Init      stm32f7xx_hal_dma.o
    0x08001bbc   0x08001bbc   0x00000078   Code   RO         1505    i.HAL_DMA_Start_IT  stm32f7xx_hal_dma.o
    0x08001c34   0x08001c34   0x000001ec   Code   RO         1429    i.HAL_GPIO_Init     stm32f7xx_hal_gpio.o
    0x08001e20   0x08001e20   0x0000000e   Code   RO         1431    i.HAL_GPIO_ReadPin  stm32f7xx_hal_gpio.o
    0x08001e2e   0x08001e2e   0x00000010   Code   RO         1432    i.HAL_GPIO_TogglePin  stm32f7xx_hal_gpio.o
    0x08001e3e   0x08001e3e   0x0000000e   Code   RO         1433    i.HAL_GPIO_WritePin  stm32f7xx_hal_gpio.o
    0x08001e4c   0x08001e4c   0x0000000c   Code   RO         1870    i.HAL_GetTick       stm32f7xx_hal.o
    0x08001e58   0x08001e58   0x00000010   Code   RO         1876    i.HAL_IncTick       stm32f7xx_hal.o
    0x08001e68   0x08001e68   0x00000016   Code   RO         1877    i.HAL_Init          stm32f7xx_hal.o
    0x08001e7e   0x08001e7e   0x00000002   PAD
    0x08001e80   0x08001e80   0x00000074   Code   RO          863    i.HAL_InitTick      stm32f7xx_hal_timebase_tim.o
    0x08001ef4   0x08001ef4   0x00000038   Code   RO          839    i.HAL_MspInit       stm32f7xx_hal_msp.o
    0x08001f2c   0x08001f2c   0x0000001a   Code   RO          907    i.HAL_NVIC_EnableIRQ  stm32f7xx_hal_cortex.o
    0x08001f46   0x08001f46   0x00000002   PAD
    0x08001f48   0x08001f48   0x00000040   Code   RO          913    i.HAL_NVIC_SetPriority  stm32f7xx_hal_cortex.o
    0x08001f88   0x08001f88   0x00000024   Code   RO          914    i.HAL_NVIC_SetPriorityGrouping  stm32f7xx_hal_cortex.o
    0x08001fac   0x08001fac   0x00000070   Code   RO         1769    i.HAL_PWREx_EnableOverDrive  stm32f7xx_hal_pwr_ex.o
    0x0800201c   0x0800201c   0x000004e6   Code   RO         1145    i.HAL_RCCEx_PeriphCLKConfig  stm32f7xx_hal_rcc_ex.o
    0x08002502   0x08002502   0x00000002   PAD
    0x08002504   0x08002504   0x00000158   Code   RO         1038    i.HAL_RCC_ClockConfig  stm32f7xx_hal_rcc.o
    0x0800265c   0x0800265c   0x0000003c   Code   RO         1042    i.HAL_RCC_GetClockConfig  stm32f7xx_hal_rcc.o
    0x08002698   0x08002698   0x0000000c   Code   RO         1043    i.HAL_RCC_GetHCLKFreq  stm32f7xx_hal_rcc.o
    0x080026a4   0x080026a4   0x00000020   Code   RO         1045    i.HAL_RCC_GetPCLK1Freq  stm32f7xx_hal_rcc.o
    0x080026c4   0x080026c4   0x00000020   Code   RO         1046    i.HAL_RCC_GetPCLK2Freq  stm32f7xx_hal_rcc.o
    0x080026e4   0x080026e4   0x00000068   Code   RO         1047    i.HAL_RCC_GetSysClockFreq  stm32f7xx_hal_rcc.o
    0x0800274c   0x0800274c   0x00000420   Code   RO         1050    i.HAL_RCC_OscConfig  stm32f7xx_hal_rcc.o
    0x08002b6c   0x08002b6c   0x00000002   Code   RO         3356    i.HAL_TIMEx_Break2Callback  stm32f7xx_hal_tim_ex.o
    0x08002b6e   0x08002b6e   0x00000002   Code   RO         3357    i.HAL_TIMEx_BreakCallback  stm32f7xx_hal_tim_ex.o
    0x08002b70   0x08002b70   0x00000002   Code   RO         3358    i.HAL_TIMEx_CommutCallback  stm32f7xx_hal_tim_ex.o
    0x08002b72   0x08002b72   0x00000002   PAD
    0x08002b74   0x08002b74   0x0000008c   Code   RO         3360    i.HAL_TIMEx_ConfigBreakDeadTime  stm32f7xx_hal_tim_ex.o
    0x08002c00   0x08002c00   0x000000a0   Code   RO         3377    i.HAL_TIMEx_MasterConfigSynchronization  stm32f7xx_hal_tim_ex.o
    0x08002ca0   0x08002ca0   0x0000004e   Code   RO         2631    i.HAL_TIM_Base_Init  stm32f7xx_hal_tim.o
    0x08002cee   0x08002cee   0x00000002   PAD
    0x08002cf0   0x08002cf0   0x000000f4   Code   RO          512    i.HAL_TIM_Base_MspInit  tim.o
    0x08002de4   0x08002de4   0x0000008c   Code   RO         2634    i.HAL_TIM_Base_Start  stm32f7xx_hal_tim.o
    0x08002e70   0x08002e70   0x00000094   Code   RO         2636    i.HAL_TIM_Base_Start_IT  stm32f7xx_hal_tim.o
    0x08002f04   0x08002f04   0x000000ec   Code   RO         2640    i.HAL_TIM_ConfigClockSource  stm32f7xx_hal_tim.o
    0x08002ff0   0x08002ff0   0x00000960   Code   RO         5425    i.HAL_TIM_IC_CaptureCallback  encoder.o
    0x08003950   0x08003950   0x000000c0   Code   RO         2667    i.HAL_TIM_IC_ConfigChannel  stm32f7xx_hal_tim.o
    0x08003a10   0x08003a10   0x0000004e   Code   RO         2670    i.HAL_TIM_IC_Init   stm32f7xx_hal_tim.o
    0x08003a5e   0x08003a5e   0x00000002   Code   RO         2672    i.HAL_TIM_IC_MspInit  stm32f7xx_hal_tim.o
    0x08003a60   0x08003a60   0x00000188   Code   RO         2675    i.HAL_TIM_IC_Start_IT  stm32f7xx_hal_tim.o
    0x08003be8   0x08003be8   0x000000ce   Code   RO         2678    i.HAL_TIM_IC_Stop_IT  stm32f7xx_hal_tim.o
    0x08003cb6   0x08003cb6   0x0000018c   Code   RO         2679    i.HAL_TIM_IRQHandler  stm32f7xx_hal_tim.o
    0x08003e42   0x08003e42   0x00000002   PAD
    0x08003e44   0x08003e44   0x00000084   Code   RO          513    i.HAL_TIM_MspPostInit  tim.o
    0x08003ec8   0x08003ec8   0x00000002   Code   RO         2682    i.HAL_TIM_OC_DelayElapsedCallback  stm32f7xx_hal_tim.o
    0x08003eca   0x08003eca   0x00000136   Code   RO         2703    i.HAL_TIM_PWM_ConfigChannel  stm32f7xx_hal_tim.o
    0x08004000   0x08004000   0x0000004e   Code   RO         2706    i.HAL_TIM_PWM_Init  stm32f7xx_hal_tim.o
    0x0800404e   0x0800404e   0x00000002   Code   RO         2708    i.HAL_TIM_PWM_MspInit  stm32f7xx_hal_tim.o
    0x08004050   0x08004050   0x00000002   Code   RO         2709    i.HAL_TIM_PWM_PulseFinishedCallback  stm32f7xx_hal_tim.o
    0x08004052   0x08004052   0x00000002   PAD
    0x08004054   0x08004054   0x0000010c   Code   RO         2711    i.HAL_TIM_PWM_Start  stm32f7xx_hal_tim.o
    0x08004160   0x08004160   0x00000150   Code   RO         2713    i.HAL_TIM_PWM_Start_IT  stm32f7xx_hal_tim.o
    0x080042b0   0x080042b0   0x00000014   Code   RO           14    i.HAL_TIM_PeriodElapsedCallback  main.o
    0x080042c4   0x080042c4   0x00000002   Code   RO         2722    i.HAL_TIM_TriggerCallback  stm32f7xx_hal_tim.o
    0x080042c6   0x080042c6   0x00000002   Code   RO         3644    i.HAL_UARTEx_RxEventCallback  stm32f7xx_hal_uart.o
    0x080042c8   0x080042c8   0x00000096   Code   RO         3656    i.HAL_UART_DMAStop  stm32f7xx_hal_uart.o
    0x0800435e   0x0800435e   0x00000002   Code   RO         3660    i.HAL_UART_ErrorCallback  stm32f7xx_hal_uart.o
    0x08004360   0x08004360   0x0000000a   Code   RO         3662    i.HAL_UART_GetState  stm32f7xx_hal_uart.o
    0x0800436a   0x0800436a   0x00000002   PAD
    0x0800436c   0x0800436c   0x0000028c   Code   RO         3663    i.HAL_UART_IRQHandler  stm32f7xx_hal_uart.o
    0x080045f8   0x080045f8   0x0000006c   Code   RO         3664    i.HAL_UART_Init     stm32f7xx_hal_uart.o
    0x08004664   0x08004664   0x000002b8   Code   RO          668    i.HAL_UART_MspInit  usart.o
    0x0800491c   0x0800491c   0x0000004c   Code   RO         3668    i.HAL_UART_Receive_DMA  stm32f7xx_hal_uart.o
    0x08004968   0x08004968   0x0000004c   Code   RO         3669    i.HAL_UART_Receive_IT  stm32f7xx_hal_uart.o
    0x080049b4   0x080049b4   0x0000005c   Code   RO         7032    i.HAL_UART_RxCpltCallback  uart.o
    0x08004a10   0x08004a10   0x00000002   Code   RO         3672    i.HAL_UART_RxHalfCpltCallback  stm32f7xx_hal_uart.o
    0x08004a12   0x08004a12   0x00000002   Code   RO         3676    i.HAL_UART_TxCpltCallback  stm32f7xx_hal_uart.o
    0x08004a14   0x08004a14   0x00000002   Code   RO          743    i.HardFault_Handler  stm32f7xx_it.o
    0x08004a16   0x08004a16   0x00000002   PAD
    0x08004a18   0x08004a18   0x0000004c   Code   RO         6211    i.IIC_Ack           iic.o
    0x08004a64   0x08004a64   0x00000054   Code   RO         6212    i.IIC_Init          iic.o
    0x08004ab8   0x08004ab8   0x0000004c   Code   RO         6213    i.IIC_NAck          iic.o
    0x08004b04   0x08004b04   0x00000070   Code   RO         6214    i.IIC_Read_Byte     iic.o
    0x08004b74   0x08004b74   0x00000078   Code   RO         6215    i.IIC_Send_Byte     iic.o
    0x08004bec   0x08004bec   0x0000004c   Code   RO         6216    i.IIC_Start         iic.o
    0x08004c38   0x08004c38   0x0000004c   Code   RO         6217    i.IIC_Stop          iic.o
    0x08004c84   0x08004c84   0x00000064   Code   RO         6218    i.IIC_Wait_Ack      iic.o
    0x08004ce8   0x08004ce8   0x000000cc   Code   RO         7905    i.Line_Scan         scaner.o
    0x08004db4   0x08004db4   0x00000028   Code   RO         7307    i.Long_Trea         barrier.o
    0x08004ddc   0x08004ddc   0x0000003c   Code   RO          484    i.MX_DMA_Init       dma.o
    0x08004e18   0x08004e18   0x00000002   Code   RO          403    i.MX_FREERTOS_Init  freertos.o
    0x08004e1a   0x08004e1a   0x00000002   PAD
    0x08004e1c   0x08004e1c   0x000001d0   Code   RO          280    i.MX_GPIO_Init      gpio.o
    0x08004fec   0x08004fec   0x00000108   Code   RO          514    i.MX_TIM1_Init      tim.o
    0x080050f4   0x080050f4   0x000000c8   Code   RO          515    i.MX_TIM2_Init      tim.o
    0x080051bc   0x080051bc   0x000000c8   Code   RO          516    i.MX_TIM3_Init      tim.o
    0x08005284   0x08005284   0x0000003c   Code   RO          669    i.MX_UART4_Init     usart.o
    0x080052c0   0x080052c0   0x0000003c   Code   RO          672    i.MX_USART2_UART_Init  usart.o
    0x080052fc   0x080052fc   0x0000003c   Code   RO          673    i.MX_USART3_UART_Init  usart.o
    0x08005338   0x08005338   0x00000002   Code   RO          744    i.MemManage_Handler  stm32f7xx_it.o
    0x0800533a   0x0800533a   0x00000002   Code   RO          745    i.NMI_Handler       stm32f7xx_it.o
    0x0800533c   0x0800533c   0x0000006c   Code   RO         7308    i.PLATFORM          barrier.o
    0x080053a8   0x080053a8   0x00000020   Code   RO         6635    i.QR_receive_init   qr.o
    0x080053c8   0x080053c8   0x000005ec   Code   RO         7310    i.Route_Set         barrier.o
    0x080059b4   0x080059b4   0x000005e0   Code   RO         7312    i.Route_YesSet      barrier.o
    0x08005f94   0x08005f94   0x00000080   Code   RO         6072    i.Rudder_Init       rudder_control.o
    0x08006014   0x08006014   0x0000003a   Code   RO         6073    i.Rudder_ReadOneByte  rudder_control.o
    0x0800604e   0x0800604e   0x00000036   Code   RO         6074    i.Rudder_WriteOneByte  rudder_control.o
    0x08006084   0x08006084   0x00000042   Code   RO         6075    i.Rudder_control    rudder_control.o
    0x080060c6   0x080060c6   0x00000002   PAD
    0x080060c8   0x080060c8   0x00000060   Code   RO         6219    i.SDA               iic.o
    0x08006128   0x08006128   0x0000005c   Code   RO         7313    i.SYM_Set_RoadLength  barrier.o
    0x08006184   0x08006184   0x00000068   Code   RO         6686    i.Send_Byte         eeprom.o
    0x080061ec   0x080061ec   0x00000070   Code   RO         7314    i.Set_RoadLength    barrier.o
    0x0800625c   0x0800625c   0x000000cc   Code   RO         7958    i.Small_Turn_Angle  turn.o
    0x08006328   0x08006328   0x00000024   Code   RO         6163    i.Start_task        temporary_task.o
    0x0800634c   0x0800634c   0x0000002c   Code   RO         6126    i.Start_task_create  task_create.o
    0x08006378   0x08006378   0x00000008   Code   RO         7315    i.SymPoint          barrier.o
    0x08006380   0x08006380   0x00000030   Code   RO         5345    i.SysTick_Handler   port.o
    0x080063b0   0x080063b0   0x000000c4   Code   RO           15    i.SystemClock_Config  main.o
    0x08006474   0x08006474   0x00000010   Code   RO         4081    i.SystemInit        system_stm32f7xx.o
    0x08006484   0x08006484   0x0000000c   Code   RO          746    i.TIM1_UP_TIM10_IRQHandler  stm32f7xx_it.o
    0x08006490   0x08006490   0x0000000c   Code   RO          747    i.TIM2_IRQHandler   stm32f7xx_it.o
    0x0800649c   0x0800649c   0x0000000c   Code   RO          748    i.TIM3_IRQHandler   stm32f7xx_it.o
    0x080064a8   0x080064a8   0x00000034   Code   RO         7092    i.TIM4_IRQHandler   usmart.o
    0x080064dc   0x080064dc   0x00000024   Code   RO         6930    i.TIM5_IRQHandler   sin_generate.o
    0x08006500   0x08006500   0x00000070   Code   RO         5889    i.TIM7_IRQHandler   delay.o
    0x08006570   0x08006570   0x0000000c   Code   RO          749    i.TIM8_TRG_COM_TIM14_IRQHandler  stm32f7xx_it.o
    0x0800657c   0x0800657c   0x000000cc   Code   RO         2724    i.TIM_Base_SetConfig  stm32f7xx_hal_tim.o
    0x08006648   0x08006648   0x0000001a   Code   RO         2725    i.TIM_CCxChannelCmd  stm32f7xx_hal_tim.o
    0x08006662   0x08006662   0x00000014   Code   RO         2735    i.TIM_ETR_SetConfig  stm32f7xx_hal_tim.o
    0x08006676   0x08006676   0x00000010   Code   RO         2736    i.TIM_ITRx_SetConfig  stm32f7xx_hal_tim.o
    0x08006686   0x08006686   0x00000002   PAD
    0x08006688   0x08006688   0x0000006c   Code   RO         2737    i.TIM_OC1_SetConfig  stm32f7xx_hal_tim.o
    0x080066f4   0x080066f4   0x00000078   Code   RO         2738    i.TIM_OC2_SetConfig  stm32f7xx_hal_tim.o
    0x0800676c   0x0800676c   0x00000074   Code   RO         2739    i.TIM_OC3_SetConfig  stm32f7xx_hal_tim.o
    0x080067e0   0x080067e0   0x00000058   Code   RO         2740    i.TIM_OC4_SetConfig  stm32f7xx_hal_tim.o
    0x08006838   0x08006838   0x00000050   Code   RO         2741    i.TIM_OC5_SetConfig  stm32f7xx_hal_tim.o
    0x08006888   0x08006888   0x00000054   Code   RO         2742    i.TIM_OC6_SetConfig  stm32f7xx_hal_tim.o
    0x080068dc   0x080068dc   0x00000022   Code   RO         2744    i.TIM_TI1_ConfigInputStage  stm32f7xx_hal_tim.o
    0x080068fe   0x080068fe   0x00000002   PAD
    0x08006900   0x08006900   0x00000080   Code   RO         2745    i.TIM_TI1_SetConfig  stm32f7xx_hal_tim.o
    0x08006980   0x08006980   0x00000024   Code   RO         2746    i.TIM_TI2_ConfigInputStage  stm32f7xx_hal_tim.o
    0x080069a4   0x080069a4   0x00000036   Code   RO         2747    i.TIM_TI2_SetConfig  stm32f7xx_hal_tim.o
    0x080069da   0x080069da   0x00000032   Code   RO         2748    i.TIM_TI3_SetConfig  stm32f7xx_hal_tim.o
    0x08006a0c   0x08006a0c   0x00000038   Code   RO         2749    i.TIM_TI4_SetConfig  stm32f7xx_hal_tim.o
    0x08006a44   0x08006a44   0x00000654   Code   RO         7316    i.TREASURE          barrier.o
    0x08007098   0x08007098   0x00000050   Code   RO         7093    i.Timer4_Init       usmart.o
    0x080070e8   0x080070e8   0x00000054   Code   RO         6931    i.Timer5_Init       sin_generate.o
    0x0800713c   0x0800713c   0x000000cc   Code   RO         7959    i.Turn_Angle        turn.o
    0x08007208   0x08007208   0x000000a8   Code   RO         6411    i.UART4_IRQHandler  imu_task.o
    0x080072b0   0x080072b0   0x0000005c   Code   RO         6536    i.UART7_IRQHandler  openmv.o
    0x0800730c   0x0800730c   0x000000c8   Code   RO         3678    i.UART_AdvFeatureConfig  stm32f7xx_hal_uart.o
    0x080073d4   0x080073d4   0x00000040   Code   RO         3679    i.UART_CheckIdleState  stm32f7xx_hal_uart.o
    0x08007414   0x08007414   0x00000014   Code   RO         3680    i.UART_DMAAbortOnError  stm32f7xx_hal_uart.o
    0x08007428   0x08007428   0x0000004c   Code   RO         3681    i.UART_DMAError     stm32f7xx_hal_uart.o
    0x08007474   0x08007474   0x00000080   Code   RO         3682    i.UART_DMAReceiveCplt  stm32f7xx_hal_uart.o
    0x080074f4   0x080074f4   0x0000001c   Code   RO         3684    i.UART_DMARxHalfCplt  stm32f7xx_hal_uart.o
    0x08007510   0x08007510   0x0000004a   Code   RO         3690    i.UART_EndRxTransfer  stm32f7xx_hal_uart.o
    0x0800755a   0x0800755a   0x00000022   Code   RO         3691    i.UART_EndTransmit_IT  stm32f7xx_hal_uart.o
    0x0800757c   0x0800757c   0x00000018   Code   RO         3692    i.UART_EndTxTransfer  stm32f7xx_hal_uart.o
    0x08007594   0x08007594   0x0000009c   Code   RO         3693    i.UART_RxISR_16BIT  stm32f7xx_hal_uart.o
    0x08007630   0x08007630   0x0000009c   Code   RO         3694    i.UART_RxISR_8BIT   stm32f7xx_hal_uart.o
    0x080076cc   0x080076cc   0x000002b4   Code   RO         3695    i.UART_SetConfig    stm32f7xx_hal_uart.o
    0x08007980   0x08007980   0x000000a4   Code   RO         3696    i.UART_Start_Receive_DMA  stm32f7xx_hal_uart.o
    0x08007a24   0x08007a24   0x000000cc   Code   RO         3697    i.UART_Start_Receive_IT  stm32f7xx_hal_uart.o
    0x08007af0   0x08007af0   0x000000be   Code   RO         3700    i.UART_WaitOnFlagUntilTimeout  stm32f7xx_hal_uart.o
    0x08007bae   0x08007bae   0x00000002   PAD
    0x08007bb0   0x08007bb0   0x00000044   Code   RO         7033    i.USART1_IRQHandler  uart.o
    0x08007bf4   0x08007bf4   0x00000098   Code   RO         6636    i.USART2_IRQHandler  qr.o
    0x08007c8c   0x08007c8c   0x0000000c   Code   RO          750    i.USART3_IRQHandler  stm32f7xx_it.o
    0x08007c98   0x08007c98   0x00000020   Code   RO         6537    i.USART6_IRQHandler  openmv.o
    0x08007cb8   0x08007cb8   0x00000002   Code   RO          751    i.UsageFault_Handler  stm32f7xx_it.o
    0x08007cba   0x08007cba   0x00000002   PAD
    0x08007cbc   0x08007cbc   0x00000020   Code   RO         8273    i.__0printf$8       mc_w.l(printf8.o)
    0x08007cdc   0x08007cdc   0x00000020   Code   RO          920    i.__NVIC_SetPriority  stm32f7xx_hal_cortex.o
    0x08007cfc   0x08007cfc   0x00000014   Code   RO         8031    i.__hardfp_fabs     m_wm.l(fabs.o)
    0x08007d10   0x08007d10   0x0000000e   Code   RO         8423    i.__scatterload_copy  mc_w.l(handlers.o)
    0x08007d1e   0x08007d1e   0x00000002   Code   RO         8424    i.__scatterload_null  mc_w.l(handlers.o)
    0x08007d20   0x08007d20   0x0000000e   Code   RO         8425    i.__scatterload_zeroinit  mc_w.l(handlers.o)
    0x08007d2e   0x08007d2e   0x00000002   PAD
    0x08007d30   0x08007d30   0x00000404   Code   RO         8280    i._printf_core      mc_w.l(printf8.o)
    0x08008134   0x08008134   0x00000024   Code   RO         8281    i._printf_post_padding  mc_w.l(printf8.o)
    0x08008158   0x08008158   0x0000002e   Code   RO         8282    i._printf_pre_padding  mc_w.l(printf8.o)
    0x08008186   0x08008186   0x00000002   PAD
    0x08008188   0x08008188   0x0000001c   Code   RO         6283    i.buzzer_off        bsp_buzzer.o
    0x080081a4   0x080081a4   0x0000001c   Code   RO         6284    i.buzzer_on         bsp_buzzer.o
    0x080081c0   0x080081c0   0x0000000c   Code   RO         6738    i.chage_target      pid.o
    0x080081cc   0x080081cc   0x00000018   Code   RO         6540    i.close_mv          openmv.o
    0x080081e4   0x080081e4   0x00000018   Code   RO         6541    i.close_mvR         openmv.o
    0x080081fc   0x080081fc   0x000000e0   Code   RO         7470    i.deal_arrive       map.o
    0x080082dc   0x080082dc   0x00000058   Code   RO         5890    i.delay_init        delay.o
    0x08008334   0x08008334   0x0000001c   Code   RO         5891    i.delay_ms          delay.o
    0x08008350   0x08008350   0x00000014   Code   RO         5892    i.delay_us          delay.o
    0x08008364   0x08008364   0x0000015e   Code   RO         6974    i.dijk              dijkstra.o
    0x080084c2   0x080084c2   0x00000002   PAD
    0x080084c4   0x080084c4   0x00000084   Code   RO         5426    i.encoder_clear     encoder.o
    0x08008548   0x08008548   0x00000014   Code   RO         7035    i.fputc             uart.o
    0x0800855c   0x0800855c   0x00000044   Code   RO         7961    i.getAngleZ         turn.o
    0x080085a0   0x080085a0   0x00000038   Code   RO         7471    i.getNextConnectNode  map.o
    0x080085d8   0x080085d8   0x00000134   Code   RO         7906    i.get_detail        scaner.o
    0x0800870c   0x0800870c   0x00000144   Code   RO         5634    i.get_motor_speed   motor_task.o
    0x08008850   0x08008850   0x00000028   Code   RO         7907    i.getline_error     scaner.o
    0x08008878   0x08008878   0x00000064   Code   RO         7852    i.gradual_cal       speed_ctrl.o
    0x080088dc   0x080088dc   0x00000020   Code   RO         6413    i.imu_receive_init  imu_task.o
    0x080088fc   0x080088fc   0x0000006c   Code   RO           16    i.main              main.o
    0x08008968   0x08008968   0x00000034   Code   RO         5990    i.main_task         main_task.o
    0x0800899c   0x0800899c   0x00000030   Code   RO         6127    i.main_task_create  task_create.o
    0x080089cc   0x080089cc   0x00000048   Code   RO         7472    i.mapInit           map.o
    0x08008a14   0x08008a14   0x0000001a   Code   RO         7473    i.map_function      map.o
    0x08008a2e   0x08008a2e   0x00000002   PAD
    0x08008a30   0x08008a30   0x00000060   Code   RO         5494    i.motor_init        motor.o
    0x08008a90   0x08008a90   0x0000005c   Code   RO         6740    i.motor_pid_clear   pid.o
    0x08008aec   0x08008aec   0x00000074   Code   RO         5495    i.motor_set_pwm     motor.o
    0x08008b60   0x08008b60   0x0000034c   Code   RO         5635    i.motor_task        motor_task.o
    0x08008eac   0x08008eac   0x00000030   Code   RO         5636    i.motor_task_create  motor_task.o
    0x08008edc   0x08008edc   0x00000014   Code   RO         7962    i.mpuZreset         turn.o
    0x08008ef0   0x08008ef0   0x00000038   Code   RO         6542    i.mvR_init          openmv.o
    0x08008f28   0x08008f28   0x00000038   Code   RO         6543    i.mv_init           openmv.o
    0x08008f60   0x08008f60   0x00000034   Code   RO         7963    i.need2turn         turn.o
    0x08008f94   0x08008f94   0x00000024   Code   RO         6544    i.open_mv           openmv.o
    0x08008fb8   0x08008fb8   0x00000024   Code   RO         6545    i.open_mvR          openmv.o
    0x08008fdc   0x08008fdc   0x0000000a   Code   RO         4921    i.osKernelStart     cmsis_os.o
    0x08008fe6   0x08008fe6   0x00000002   PAD
    0x08008fe8   0x08008fe8   0x00000108   Code   RO         6741    i.pid_init          pid.o
    0x080090f0   0x080090f0   0x000001d0   Code   RO         5637    i.pid_mode_switch   motor_task.o
    0x080092c0   0x080092c0   0x000000ae   Code   RO         6742    i.positional_PID    pid.o
    0x0800936e   0x0800936e   0x00000002   PAD
    0x08009370   0x08009370   0x00000070   Code   RO         4593    i.prvAddCurrentTaskToDelayedList  tasks.o
    0x080093e0   0x080093e0   0x00000088   Code   RO         4594    i.prvAddNewTaskToReadyList  tasks.o
    0x08009468   0x08009468   0x0000003c   Code   RO         4595    i.prvCheckTasksWaitingTermination  tasks.o
    0x080094a4   0x080094a4   0x00000044   Code   RO         4596    i.prvDeleteTCB      tasks.o
    0x080094e8   0x080094e8   0x0000004c   Code   RO         5283    i.prvHeapInit       heap_4.o
    0x08009534   0x08009534   0x00000028   Code   RO         4597    i.prvIdleTask       tasks.o
    0x0800955c   0x0800955c   0x00000098   Code   RO         4598    i.prvInitialiseNewTask  tasks.o
    0x080095f4   0x080095f4   0x00000058   Code   RO         4599    i.prvInitialiseTaskLists  tasks.o
    0x0800964c   0x0800964c   0x00000054   Code   RO         5284    i.prvInsertBlockIntoFreeList  heap_4.o
    0x080096a0   0x080096a0   0x00000024   Code   RO         4600    i.prvResetNextTaskUnblockTime  tasks.o
    0x080096c4   0x080096c4   0x00000034   Code   RO         5346    i.prvTaskExitError  port.o
    0x080096f8   0x080096f8   0x000000e0   Code   RO         5285    i.pvPortMalloc      heap_4.o
    0x080097d8   0x080097d8   0x00000024   Code   RO         5347    i.pxPortInitialiseStack  port.o
    0x080097fc   0x080097fc   0x00000004   Code   RO         7094    i.read_addr         usmart.o
    0x08009800   0x08009800   0x00000098   Code   RO         7964    i.runWithAngle      turn.o
    0x08009898   0x08009898   0x00000030   Code   RO         6743    i.speed_pid_kd      pid.o
    0x080098c8   0x080098c8   0x00000030   Code   RO         6744    i.speed_pid_ki      pid.o
    0x080098f8   0x080098f8   0x00000030   Code   RO         6745    i.speed_pid_kp      pid.o
    0x08009928   0x08009928   0x00000038   Code   RO         7036    i.uart_init         uart.o
    0x08009960   0x08009960   0x00000080   Code   RO         6164    i.user_init         temporary_task.o
    0x080099e0   0x080099e0   0x00000094   Code   RO         7095    i.usmart_cmd_rec    usmart.o
    0x08009a74   0x08009a74   0x00000278   Code   RO         7096    i.usmart_exe        usmart.o
    0x08009cec   0x08009cec   0x000000a4   Code   RO         7218    i.usmart_get_aparm  usmart_str.o
    0x08009d90   0x08009d90   0x0000002e   Code   RO         7219    i.usmart_get_cmdname  usmart_str.o
    0x08009dbe   0x08009dbe   0x00000002   PAD
    0x08009dc0   0x08009dc0   0x00000174   Code   RO         7220    i.usmart_get_fname  usmart_str.o
    0x08009f34   0x08009f34   0x000000e0   Code   RO         7221    i.usmart_get_fparam  usmart_str.o
    0x0800a014   0x0800a014   0x00000024   Code   RO         7222    i.usmart_get_parmpos  usmart_str.o
    0x0800a038   0x0800a038   0x00000030   Code   RO         7097    i.usmart_get_runtime  usmart.o
    0x0800a068   0x0800a068   0x00000028   Code   RO         7098    i.usmart_init       usmart.o
    0x0800a090   0x0800a090   0x00000002   Code   RO         6746    i.usmart_pid        pid.o
    0x0800a092   0x0800a092   0x00000010   Code   RO         7223    i.usmart_pow        usmart_str.o
    0x0800a0a2   0x0800a0a2   0x00000002   PAD
    0x0800a0a4   0x0800a0a4   0x00000028   Code   RO         7099    i.usmart_reset_runtime  usmart.o
    0x0800a0cc   0x0800a0cc   0x000000b0   Code   RO         7100    i.usmart_scan       usmart.o
    0x0800a17c   0x0800a17c   0x00000014   Code   RO         7224    i.usmart_search_nextc  usmart_str.o
    0x0800a190   0x0800a190   0x000000dc   Code   RO         7225    i.usmart_str2num    usmart_str.o
    0x0800a26c   0x0800a26c   0x0000001a   Code   RO         7226    i.usmart_strcmp     usmart_str.o
    0x0800a286   0x0800a286   0x00000012   Code   RO         7227    i.usmart_strcopy    usmart_str.o
    0x0800a298   0x0800a298   0x00000012   Code   RO         7228    i.usmart_strlen     usmart_str.o
    0x0800a2aa   0x0800a2aa   0x00000002   PAD
    0x0800a2ac   0x0800a2ac   0x000006a0   Code   RO         7101    i.usmart_sys_cmd_exe  usmart.o
    0x0800a94c   0x0800a94c   0x00000026   Code   RO         4219    i.uxListRemove      list.o
    0x0800a972   0x0800a972   0x00000002   PAD
    0x0800a974   0x0800a974   0x00000014   Code   RO          404    i.vApplicationGetIdleTaskMemory  freertos.o
    0x0800a988   0x0800a988   0x00000016   Code   RO         4220    i.vListInitialise   list.o
    0x0800a99e   0x0800a99e   0x00000006   Code   RO         4221    i.vListInitialiseItem  list.o
    0x0800a9a4   0x0800a9a4   0x00000030   Code   RO         4222    i.vListInsert       list.o
    0x0800a9d4   0x0800a9d4   0x00000018   Code   RO         4223    i.vListInsertEnd    list.o
    0x0800a9ec   0x0800a9ec   0x00000048   Code   RO         5349    i.vPortEnterCritical  port.o
    0x0800aa34   0x0800aa34   0x00000030   Code   RO         5350    i.vPortExitCritical  port.o
    0x0800aa64   0x0800aa64   0x00000064   Code   RO         5286    i.vPortFree         heap_4.o
    0x0800aac8   0x0800aac8   0x00000024   Code   RO         5351    i.vPortSetupTimerInterrupt  port.o
    0x0800aaec   0x0800aaec   0x00000054   Code   RO         4608    i.vTaskDelay        tasks.o
    0x0800ab40   0x0800ab40   0x000000a4   Code   RO         4609    i.vTaskDelayUntil   tasks.o
    0x0800abe4   0x0800abe4   0x000000b0   Code   RO         4610    i.vTaskDelete       tasks.o
    0x0800ac94   0x0800ac94   0x00000090   Code   RO         4622    i.vTaskStartScheduler  tasks.o
    0x0800ad24   0x0800ad24   0x00000010   Code   RO         4624    i.vTaskSuspendAll   tasks.o
    0x0800ad34   0x0800ad34   0x00000064   Code   RO         4625    i.vTaskSwitchContext  tasks.o
    0x0800ad98   0x0800ad98   0x00000004   Code   RO         7102    i.write_addr        usmart.o
    0x0800ad9c   0x0800ad9c   0x000000c0   Code   RO         5353    i.xPortStartScheduler  port.o
    0x0800ae5c   0x0800ae5c   0x00000064   Code   RO         4627    i.xTaskCreate       tasks.o
    0x0800aec0   0x0800aec0   0x00000064   Code   RO         4628    i.xTaskCreateStatic  tasks.o
    0x0800af24   0x0800af24   0x0000000c   Code   RO         4633    i.xTaskGetTickCount  tasks.o
    0x0800af30   0x0800af30   0x000000d0   Code   RO         4635    i.xTaskIncrementTick  tasks.o
    0x0800b000   0x0800b000   0x000000d0   Code   RO         4641    i.xTaskResumeAll    tasks.o
    0x0800b0d0   0x0800b0d0   0x00000020   Code   RO         7317    i.zhunbei           barrier.o
    0x0800b0f0   0x0800b0f0   0x00000008   Data   RO         1507    .constdata          stm32f7xx_hal_dma.o
    0x0800b0f8   0x0800b0f8   0x00000010   Data   RO         4082    .constdata          system_stm32f7xx.o
    0x0800b108   0x0800b108   0x00000008   Data   RO         4083    .constdata          system_stm32f7xx.o
    0x0800b110   0x0800b110   0x00000038   Data   RO         5638    .constdata          motor_task.o
    0x0800b148   0x0800b148   0x00000020   Data   RO         7909    .constdata          scaner.o
    0x0800b168   0x0800b168   0x00000028   Data   RO         7104    .conststring        usmart.o
    0x0800b190   0x0800b190   0x00000120   Data   RO         7188    .conststring        usmart_config.o
    0x0800b2b0   0x0800b2b0   0x00000020   Data   RO         8421    Region$$Table       anon$$obj.o


    Execution Region RW_IRAM1 (Exec base: 0x20000000, Load base: 0x0800b2d0, Size: 0x000260e8, Max: 0x00050000, ABSOLUTE, COMPRESSED[0x0000052c])

    Exec Addr    Load Addr    Size         Type   Attr      Idx    E Section Name        Object

    0x20000000   COMPRESSED   0x0000000c   Data   RW         1884    .data               stm32f7xx_hal.o
    0x2000000c   COMPRESSED   0x00000004   Data   RW         4084    .data               system_stm32f7xx.o
    0x20000010   COMPRESSED   0x0000003c   Data   RW         4644    .data               tasks.o
    0x2000004c   COMPRESSED   0x00000018   Data   RW         5291    .data               heap_4.o
    0x20000064   COMPRESSED   0x0000000c   Data   RW         5354    .data               port.o
    0x20000070   COMPRESSED   0x00000018   Data   RW         5428    .data               encoder.o
    0x20000088   COMPRESSED   0x00000018   Data   RW         5639    .data               motor_task.o
    0x200000a0   COMPRESSED   0x00000001   Data   RW         5894    .data               delay.o
    0x200000a1   COMPRESSED   0x00000003   PAD
    0x200000a4   COMPRESSED   0x00000008   Data   RW         6128    .data               task_create.o
    0x200000ac   COMPRESSED   0x00000001   Data   RW         6415    .data               imu_task.o
    0x200000ad   COMPRESSED   0x00000004   Data   RW         6548    .data               openmv.o
    0x200000b1   COMPRESSED   0x00000009   Data   RW         6639    .data               qr.o
    0x200000ba   COMPRESSED   0x00000002   PAD
    0x200000bc   COMPRESSED   0x00000010   Data   RW         6934    .data               sin_generate.o
    0x200000cc   COMPRESSED   0x00000004   Data   RW         7038    .data               uart.o
    0x200000d0   COMPRESSED   0x00000004   Data   RW         7039    .data               uart.o
    0x200000d4   COMPRESSED   0x0000001c   Data   RW         7105    .data               usmart.o
    0x200000f0   COMPRESSED   0x00000040   Data   RW         7189    .data               usmart_config.o
    0x20000130   COMPRESSED   0x000000f4   Data   RW         7190    .data               usmart_config.o
    0x20000224   COMPRESSED   0x0000000d   Data   RW         7319    .data               barrier.o
    0x20000231   COMPRESSED   0x00000001   PAD
    0x20000232   COMPRESSED   0x00000006   Data   RW         7475    .data               map.o
    0x20000238   COMPRESSED   0x00001338   Data   RW         7744    .data               map_message.o
    0x20001570   COMPRESSED   0x00000061   Data   RW         7745    .data               map_message.o
    0x200015d1   COMPRESSED   0x00000061   Data   RW         7746    .data               map_message.o
    0x20001632   COMPRESSED   0x00000002   PAD
    0x20001634   COMPRESSED   0x00000038   Data   RW         7856    .data               speed_ctrl.o
    0x2000166c   COMPRESSED   0x0000000c   Data   RW         7910    .data               scaner.o
    0x20001678   COMPRESSED   0x00000004   Data   RW         7911    .data               scaner.o
    0x2000167c   COMPRESSED   0x00000004   Data   RW         7912    .data               scaner.o
    0x20001680   COMPRESSED   0x00000008   Data   RW         7965    .data               turn.o
    0x20001688        -       0x00000254   Zero   RW          405    .bss                freertos.o
    0x200018dc        -       0x000000e4   Zero   RW          517    .bss                tim.o
    0x200019c0        -       0x000003d8   Zero   RW          675    .bss                usart.o
    0x20001d98        -       0x0000004c   Zero   RW          866    .bss                stm32f7xx_hal_timebase_tim.o
    0x20001de4        -       0x000000f0   Zero   RW         4643    .bss                tasks.o
    0x20001ed4        -       0x0000f000   Zero   RW         5290    .bss                heap_4.o
    0x20010ed4        -       0x00000260   Zero   RW         5427    .bss                encoder.o
    0x20011134        -       0x0000004c   Zero   RW         5893    .bss                delay.o
    0x20011180        -       0x000000b0   Zero   RW         6414    .bss                imu_task.o
    0x20011230        -       0x00000108   Zero   RW         6547    .bss                openmv.o
    0x20011338        -       0x00000090   Zero   RW         6637    .bss                qr.o
    0x200113c8        -       0x00000108   Zero   RW         6747    .bss                pid.o
    0x200114d0        -       0x0000001c   Zero   RW         6748    .bss                pid.o
    0x200114ec        -       0x0000001c   Zero   RW         6749    .bss                pid.o
    0x20011508        -       0x0000001c   Zero   RW         6750    .bss                pid.o
    0x20011524        -       0x0000001c   Zero   RW         6751    .bss                pid.o
    0x20011540        -       0x0000004c   Zero   RW         6933    .bss                sin_generate.o
    0x2001158c        -       0x00009c68   Zero   RW         6975    .bss                dijkstra.o
    0x2001b1f4        -       0x00009c68   Zero   RW         6976    .bss                dijkstra.o
    0x20024e5c        -       0x0000014c   Zero   RW         7037    .bss                uart.o
    0x20024fa8        -       0x0000004c   Zero   RW         7103    .bss                usmart.o
    0x20024ff4        -       0x00000ccc   Zero   RW         7474    .bss                map.o
    0x20025cc0        -       0x0000000c   Zero   RW         7853    .bss                speed_ctrl.o
    0x20025ccc        -       0x0000000c   Zero   RW         7854    .bss                speed_ctrl.o
    0x20025cd8        -       0x0000000c   Zero   RW         7908    .bss                scaner.o
    0x20025ce4   COMPRESSED   0x00000004   PAD
    0x20025ce8        -       0x00000400   Zero   RW            1    STACK               startup_stm32f750xx.o


==============================================================================

Image component sizes


      Code (inc. data)   RO Data    RW Data    ZI Data      Debug   Object Name

      5384        464          0         13          0      13650   barrier.o
        56         10          0          0          0        997   bsp_buzzer.o
        10          0          0          0          0      20820   cmsis_os.o
       248         38          0          1         76       2876   delay.o
       518         14          0          0      80080       3391   dijkstra.o
        60          4          0          0          0        798   dma.o
       104          0          0          0          0        772   eeprom.o
      3396         70          0         24        608       6420   encoder.o
         0          0          0          0          0      15800   event_groups.o
        22          4          0          0        596      33467   freertos.o
       464         24          0          0          0     835451   gpio.o
       484         22          0         24      61440       7567   heap_4.o
       816         56          0          0          0       5536   iic.o
       200         42          0          1        176       2466   imu_task.o
       138          0          0          0          0       3630   list.o
       328         22          0          0          0     838820   main.o
        52          6          0          0          0        580   main_task.o
      2790        232          0          6       3276      10776   map.o
         0          0          0       5114          0       2068   map_message.o
       212         14          0          0          0     704817   motor.o
      1680        178         56         24          0      17242   motor_task.o
       356         68          0          4        264       4240   openmv.o
       688        112          0          0        376       6309   pid.o
       678         68          0         12          0      11028   port.o
       184         26          0          9        144       1944   qr.o
       306         10          0          0          0       2974   rudder_control.o
       696         82         32         20         12       5152   scaner.o
       120         20          0         16         76       2056   sin_generate.o
       132          8          0         56         24       2552   speed_ctrl.o
        36          8        456          0       1024        844   startup_stm32f750xx.o
        50         10          0         12          0       7770   stm32f7xx_hal.o
       158         14          0          0          0      38258   stm32f7xx_hal_cortex.o
      1184         14          8          0          0       8201   stm32f7xx_hal_dma.o
       536         52          0          0          0       3720   stm32f7xx_hal_gpio.o
        56          4          0          0          0        874   stm32f7xx_hal_msp.o
       112         10          0          0          0       1324   stm32f7xx_hal_pwr_ex.o
      1640         74          0          0          0       7001   stm32f7xx_hal_rcc.o
      1254         28          0          0          0       2540   stm32f7xx_hal_rcc_ex.o
      4088        318          0          0          0      27856   stm32f7xx_hal_tim.o
       306         36          0          0          0       4124   stm32f7xx_hal_tim_ex.o
       116         16          0          0         76       1488   stm32f7xx_hal_timebase_tim.o
      3290         96          0          0          0      21570   stm32f7xx_hal_uart.o
        96         42          0          0          0       6244   stm32f7xx_it.o
         0          0          0          0          0        392   stream_buffer.o
        16          4         24          4          0       1159   system_stm32f7xx.o
        92         42          0          8          0       1264   task_create.o
      2004        148          0         60        240      23765   tasks.o
       164         14          0          0          0       1281   temporary_task.o
      1040         60          0          0        228     726886   tim.o
       700        114          0          8          0       5295   turn.o
       236         42          0          8        332       4226   uart.o
       876         80          0          0        984       3840   usart.o
      2920       1350         40         28         76       8151   usmart.o
         0          0        288        308          0       1520   usmart_config.o
      1160         18          0          0          0       9397   usmart_str.o

    ----------------------------------------------------------------------
     42304       4188        936       5768     150112    3483189   Object Totals
         0          0         32          0          0          0   (incl. Generated)
        52          0          0          8          4          0   (incl. Padding)

    ----------------------------------------------------------------------

      Code (inc. data)   RO Data    RW Data    ZI Data      Debug   Library Member Name

        20          0          0          0          0        124   fabs.o
        94          0          0          0          0          0   __dclz77c.o
         0          0          0          0          0          0   entry.o
         0          0          0          0          0          0   entry10a.o
         0          0          0          0          0          0   entry11a.o
         4          0          0          0          0          0   entry12b.o
         8          4          0          0          0          0   entry2.o
         4          0          0          0          0          0   entry5.o
         0          0          0          0          0          0   entry7b.o
         0          0          0          0          0          0   entry8b.o
         8          4          0          0          0          0   entry9a.o
        30          0          0          0          0          0   handlers.o
        36          8          0          0          0         68   init.o
         0          0          0          0          0          0   iusefp.o
        30          0          0          0          0         68   llshl.o
        32          0          0          0          0         68   llushr.o
        64          0          0          0          0         76   memmovea.o
        36          0          0          0          0        108   memseta.o
      1142         54          0          0          0        352   printf8.o
        98          0          0          0          0         92   uldiv.o
        48          0          0          0          0         68   cdcmple.o
        56          0          0          0          0         88   d2f.o
       222          0          0          0          0        100   ddiv.o
       186          0          0          0          0        176   depilogue.o
        34          0          0          0          0         76   dflti.o
       228          0          0          0          0         96   dmul.o
        38          0          0          0          0         68   f2d.o
       110          0          0          0          0        168   fepilogue.o

    ----------------------------------------------------------------------
      2536         70          0          0          0       1796   Library Totals
         8          0          0          0          0          0   (incl. Padding)

    ----------------------------------------------------------------------

      Code (inc. data)   RO Data    RW Data    ZI Data      Debug   Library Name

        20          0          0          0          0        124   m_wm.l
      1586         70          0          0          0        832   mc_w.l
       922          0          0          0          0        840   mf_w.l

    ----------------------------------------------------------------------
      2536         70          0          0          0       1796   Library Totals

    ----------------------------------------------------------------------

==============================================================================


      Code (inc. data)   RO Data    RW Data    ZI Data      Debug   

     44840       4258        936       5768     150112    3457889   Grand Totals
     44840       4258        936       1324     150112    3457889   ELF Image Totals (compressed)
     44840       4258        936       1324          0          0   ROM Totals

==============================================================================

    Total RO  Size (Code + RO Data)                45776 (  44.70kB)
    Total RW  Size (RW Data + ZI Data)            155880 ( 152.23kB)
    Total ROM Size (Code + RO Data + RW Data)      47100 (  46.00kB)

==============================================================================

